<?xml version="1.0" encoding="UTF-8"?>
<feed xmlns="http://www.w3.org/2005/Atom">
  <link href="http://arxiv.org/api/query?search_query%3Dall%26id_list%3D%26start%3D0%26max_results%3D100" rel="self" type="application/atom+xml"/>
  <title type="html">ArXiv Query: search_query=all&amp;id_list=&amp;start=0&amp;max_results=100</title>
  <id>http://arxiv.org/api/X5rGdmsUy+cwkxrPQ0aU1xxTdvI</id>
  <updated>2019-06-24T00:00:00-04:00</updated>
  <opensearch:totalResults xmlns:opensearch="http://a9.com/-/spec/opensearch/1.1/">218370</opensearch:totalResults>
  <opensearch:startIndex xmlns:opensearch="http://a9.com/-/spec/opensearch/1.1/">0</opensearch:startIndex>
  <opensearch:itemsPerPage xmlns:opensearch="http://a9.com/-/spec/opensearch/1.1/">100</opensearch:itemsPerPage>
  <entry>
    <id>http://arxiv.org/abs/1210.7708v1</id>
    <updated>2012-10-29T16:12:41Z</updated>
    <published>2012-10-29T16:12:41Z</published>
    <title>Landau--Kolmogorov inequality revisited</title>
    <summary>  The Landau-Kolmogorov problem consists of finding the upper bound $M_k$ for
the norm of intermediate derivative $|f^{(k)}|$, when the bounds $|f| \le M_0$
and $|f^{(n)}| \le M_n$, for the norms of the function and of its higher
derivative, are given.
  Here, we consider the case of a finite interval, and when all the norms are
the max-norms. Our interest to that particular case is motivated by the fact
that there are good chances to add this case to a short list of
Landau--Kolmogorov inequalities where a complete solution exists, i.e., a
solution that covers all values of $n,k\in\N$ (and, for a finite interval, all
values of $\sigma = M_n/M_0$).
  The main guideline here is Karlin's conjecture that says that, for all
$n,k\in\N$ and all $\sigma&gt;0$, the maximum of $|f^{(k)}|$ is attained by a
certain Chebyshev or Zolotarev spline. So far, it has been proved only for
small $n \ge 4$ with all $\sigma$, and for all $n$ with particular $\sigma =
\sigma_n$. Here, we prove Karlin's conjecture in several further subcases:
  1) all $n,k\in\N$ and all $0 &lt; \sigma \le \sigma_n$
  2) all $n \in \N$, all $\sigma &gt; 0$, with $k=1,2$
  3) all $\sigma &gt; 0$, with $n &lt; 10$ and $0 &lt; k &lt; n$.
</summary>
    <author>
      <name>Alexei Shadrin</name>
    </author>
    <link href="http://arxiv.org/abs/1210.7708v1" rel="alternate" type="text/html"/>
    <link title="pdf" href="http://arxiv.org/pdf/1210.7708v1" rel="related" type="application/pdf"/>
    <arxiv:primary_category xmlns:arxiv="http://arxiv.org/schemas/atom" term="math.NA" scheme="http://arxiv.org/schemas/atom"/>
    <category term="math.NA" scheme="http://arxiv.org/schemas/atom"/>
  </entry>
  <entry>
    <id>http://arxiv.org/abs/1602.00450v1</id>
    <updated>2016-02-01T09:53:30Z</updated>
    <published>2016-02-01T09:53:30Z</published>
    <title>All-in-all-out magnetic domain wall conduction in pyrochlore iridate
  heterointerface</title>
    <summary>  Pyrochlore oxides possessing "all-in-all-out" spin ordering have attracted
burgeoning interest as a rich ground of emergent states. This ordering has two
distinct types of magnetic domains (all-in-all-out or all-out-all-in) with
broken time-reversal symmetry, and a non-trivial metallic surface state has
been theoretically demonstrated to appear at their domain wall. Here, we report
on observation of this metallic conduction at the single
all-in-all-out/all-out-all-in magnetic domain wall formed at the
heterointerface of two pyrochlore iridates. By utilizing different
magnetoresponses of them with different lanthanide ions, the domain wall is
controllably inserted at the heterointerface, the surface state being detected
as anomalous conduction enhancement with a ferroic hysteresis. Our
establishment paves the way for further investigation and manipulation of this
new type of surface transport.
</summary>
    <author>
      <name>T. C. Fujita</name>
    </author>
    <author>
      <name>M. Uchida</name>
    </author>
    <author>
      <name>Y. Kozuka</name>
    </author>
    <author>
      <name>W. Sano</name>
    </author>
    <author>
      <name>A. Tsukazaki</name>
    </author>
    <author>
      <name>T. Arima</name>
    </author>
    <author>
      <name>M. Kawasaki</name>
    </author>
    <arxiv:doi xmlns:arxiv="http://arxiv.org/schemas/atom">10.1103/PhysRevB.93.064419</arxiv:doi>
    <link title="doi" href="http://dx.doi.org/10.1103/PhysRevB.93.064419" rel="related"/>
    <arxiv:comment xmlns:arxiv="http://arxiv.org/schemas/atom">23 pages, 7 figures</arxiv:comment>
    <arxiv:journal_ref xmlns:arxiv="http://arxiv.org/schemas/atom">Phys. Rev. B 93, 064419 (2016)</arxiv:journal_ref>
    <link href="http://arxiv.org/abs/1602.00450v1" rel="alternate" type="text/html"/>
    <link title="pdf" href="http://arxiv.org/pdf/1602.00450v1" rel="related" type="application/pdf"/>
    <arxiv:primary_category xmlns:arxiv="http://arxiv.org/schemas/atom" term="cond-mat.mtrl-sci" scheme="http://arxiv.org/schemas/atom"/>
    <category term="cond-mat.mtrl-sci" scheme="http://arxiv.org/schemas/atom"/>
  </entry>
  <entry>
    <id>http://arxiv.org/abs/1612.01842v2</id>
    <updated>2016-12-07T06:10:53Z</updated>
    <published>2016-12-06T15:01:47Z</published>
    <title>An Improved One-to-All Broadcasting in Higher Dimensional
  Eisenstein-Jacobi Networks</title>
    <summary>  Recently, a higher dimensional Eisenstein-Jacobi networks, has been proposed
in [22], which is shown that they have better average distance with more number
of nodes than a single dimensional EJ networks. Some communication algorithms
such as one-to-all and all-to-all communications are well known and used in
interconnection networks. In one-to-all communication, a source node sends a
message to every other node in the network. Whereas, in all-to-all
communication, every node is considered as a source node and sends its message
to every other node in the network. In this paper, an improved one-to-all
communication algorithm in higher dimensional EJ networks is presented. The
paper shows that the proposed algorithm achieves a lower average number of
steps to receiving the broadcasted message. In addition, since the links are
assumed to be half-duplex, the all-to-all broadcasting algorithm is divided
into three phases. The simulation results are discussed and showed that the
improved one-to-all algorithm achieves better traffic performance than the
well-known one-to-all algorithm and has 2.7% less total number of senders
</summary>
    <author>
      <name>Zaid Hussain</name>
    </author>
    <link href="http://arxiv.org/abs/1612.01842v2" rel="alternate" type="text/html"/>
    <link title="pdf" href="http://arxiv.org/pdf/1612.01842v2" rel="related" type="application/pdf"/>
    <arxiv:primary_category xmlns:arxiv="http://arxiv.org/schemas/atom" term="cs.DC" scheme="http://arxiv.org/schemas/atom"/>
    <category term="cs.DC" scheme="http://arxiv.org/schemas/atom"/>
  </entry>
  <entry>
    <id>http://arxiv.org/abs/0705.3599v1</id>
    <updated>2007-05-24T15:45:39Z</updated>
    <published>2007-05-24T15:45:39Z</published>
    <title>Integer symmetric matrices having all their eigenvalues in the interval
  [-2,2]</title>
    <summary>  We completely describe all integer symmetric matrices that have all their
eigenvalues in the interval [-2,2]. Along the way we classify all signed
graphs, and then all charged signed graphs, having all their eigenvalues in
this same interval. We then classify subsets of the above for which the integer
symmetric matrices, signed graphs and charged signed graphs have all their
eigenvalues in the open interval (-2,2).
</summary>
    <author>
      <name>James McKee</name>
    </author>
    <author>
      <name>Chris Smyth</name>
    </author>
    <arxiv:comment xmlns:arxiv="http://arxiv.org/schemas/atom">33 pages, 18 figures</arxiv:comment>
    <link href="http://arxiv.org/abs/0705.3599v1" rel="alternate" type="text/html"/>
    <link title="pdf" href="http://arxiv.org/pdf/0705.3599v1" rel="related" type="application/pdf"/>
    <arxiv:primary_category xmlns:arxiv="http://arxiv.org/schemas/atom" term="math.CO" scheme="http://arxiv.org/schemas/atom"/>
    <category term="math.CO" scheme="http://arxiv.org/schemas/atom"/>
    <category term="math.NT" scheme="http://arxiv.org/schemas/atom"/>
    <category term="05C50;11C20;05C22;15A36" scheme="http://arxiv.org/schemas/atom"/>
  </entry>
  <entry>
    <id>http://arxiv.org/abs/0811.3325v1</id>
    <updated>2008-11-20T12:28:46Z</updated>
    <published>2008-11-20T12:28:46Z</published>
    <title>On mappings of terms determined by hypersubstitutions</title>
    <summary>  The extensions of hypersubstitutions are mappings on the set of all terms. In
the present paper we characterize all hypersubstitutions which provide
bijections on the set of all terms. The set of all such hypersubstitutions
forms a monoid. On the other hand, one can modify each hypersubstitution to any
mapping on the set of terms. For this we can consider mappings from the set of
all hypersubstitutions into the set of all mappings on the set of all terms.
</summary>
    <author>
      <name>Jorg Koppitz</name>
    </author>
    <author>
      <name>Slavcho Shtrakov</name>
    </author>
    <arxiv:comment xmlns:arxiv="http://arxiv.org/schemas/atom">10 pages, Journal "Algebra and Discrete Mathematics", Number 3
  (2005), pp. 18-29</arxiv:comment>
    <link href="http://arxiv.org/abs/0811.3325v1" rel="alternate" type="text/html"/>
    <link title="pdf" href="http://arxiv.org/pdf/0811.3325v1" rel="related" type="application/pdf"/>
    <arxiv:primary_category xmlns:arxiv="http://arxiv.org/schemas/atom" term="math.RA" scheme="http://arxiv.org/schemas/atom"/>
    <category term="math.RA" scheme="http://arxiv.org/schemas/atom"/>
    <category term="20M14; 20M07" scheme="http://arxiv.org/schemas/atom"/>
  </entry>
  <entry>
    <id>http://arxiv.org/abs/1409.1340v1</id>
    <updated>2014-09-04T06:55:03Z</updated>
    <published>2014-09-04T06:55:03Z</published>
    <title>On surjunctive monoids</title>
    <summary>  A monoid $M$ is called surjunctive if every injective cellular automata with
finite alphabet over $M$ is surjective. We show that all finite monoids, all
finitely generated commutative monoids, all cancellative commutative monoids,
all residually finite monoids, all finitely generated linear monoids, and all
cancellative one-sided amenable monoids are surjunctive. We also prove that
every limit of marked surjunctive monoids is itself surjunctive. On the other
hand, we show that the bicyclic monoid and, more generally, all monoids
containing a submonoid isomorphic to the bicyclic monoid are non-surjunctive.
</summary>
    <author>
      <name>Tullio Ceccherini-Silberstein</name>
    </author>
    <author>
      <name>Michel Coornaert</name>
    </author>
    <arxiv:journal_ref xmlns:arxiv="http://arxiv.org/schemas/atom">Internat. J. Algebra Comput. 25 (2015), no. 4, 567-606</arxiv:journal_ref>
    <link href="http://arxiv.org/abs/1409.1340v1" rel="alternate" type="text/html"/>
    <link title="pdf" href="http://arxiv.org/pdf/1409.1340v1" rel="related" type="application/pdf"/>
    <arxiv:primary_category xmlns:arxiv="http://arxiv.org/schemas/atom" term="math.DS" scheme="http://arxiv.org/schemas/atom"/>
    <category term="math.DS" scheme="http://arxiv.org/schemas/atom"/>
    <category term="math.GR" scheme="http://arxiv.org/schemas/atom"/>
    <category term="20M30, 37B10, 37B15, 54E15, 68Q80" scheme="http://arxiv.org/schemas/atom"/>
  </entry>
  <entry>
    <id>http://arxiv.org/abs/1703.10566v1</id>
    <updated>2017-03-30T17:01:04Z</updated>
    <published>2017-03-30T17:01:04Z</published>
    <title>On the roots of all-terminal reliability polynomials</title>
    <summary>  Given a graph $G$ in which each edge fails independently with probability
$q\in[0,1],$ the all-terminal reliability of $G$ is the probability that all
vertices of $G$ can communicate with one another, that is, the probability that
the operational edges span the graph. The all-terminal reliability is a
polynomial in $q$ whose roots (all-terminal reliability roots) were conjectured
to have modulus at most $1$ by Brown and Colbourn. Royle and Sokal proved the
conjecture false, finding roots of modulus larger than $1$ by a slim margin.
Here, we present the first nontrivial upper bound on the modulus of any
all-terminal reliability root, in terms of the number of vertices of the graph.
We also find all-terminal reliability roots of larger modulus than any
previously known. Finally, we consider the all-terminal reliability roots of
simple graphs; we present the smallest known simple graph with all-terminal
reliability roots of modulus greater than $1,$ and we find simple graphs with
all-terminal reliability roots of modulus greater than $1$ that have higher
edge connectivity than any previously known examples.
</summary>
    <author>
      <name>Jason Brown</name>
    </author>
    <author>
      <name>Lucas Mol</name>
    </author>
    <arxiv:doi xmlns:arxiv="http://arxiv.org/schemas/atom">10.1016/j.disc.2017.01.024</arxiv:doi>
    <link title="doi" href="http://dx.doi.org/10.1016/j.disc.2017.01.024" rel="related"/>
    <arxiv:comment xmlns:arxiv="http://arxiv.org/schemas/atom">25 pages</arxiv:comment>
    <arxiv:journal_ref xmlns:arxiv="http://arxiv.org/schemas/atom">Discrete Math. 340(6): 1287-1299 (2017)</arxiv:journal_ref>
    <link href="http://arxiv.org/abs/1703.10566v1" rel="alternate" type="text/html"/>
    <link title="pdf" href="http://arxiv.org/pdf/1703.10566v1" rel="related" type="application/pdf"/>
    <arxiv:primary_category xmlns:arxiv="http://arxiv.org/schemas/atom" term="math.CO" scheme="http://arxiv.org/schemas/atom"/>
    <category term="math.CO" scheme="http://arxiv.org/schemas/atom"/>
    <category term="05C31" scheme="http://arxiv.org/schemas/atom"/>
  </entry>
  <entry>
    <id>http://arxiv.org/abs/1704.07600v1</id>
    <updated>2017-04-25T09:22:56Z</updated>
    <published>2017-04-25T09:22:56Z</published>
    <title>Evolution of antiferromagnetic domains in the all-in-all-out ordered
  pyrochlore Nd$_2$Zr$_2$O$_7$</title>
    <summary>  We report the observation of magnetic domains in the exotic,
antiferromagnetically ordered all-in-all-out state of Nd$_2$Zr$_2$O$_7$,
induced by spin canting. The all-in-all-out state can be realized by Ising-like
spins on a pyrochlore lattice and is established in Nd$_2$Zr$_2$O$_7$ below
0.31 K for external magnetic fields up to 0.14 T. Two different spin
arrangements can fulfill this configuration which leads to the possibility of
magnetic domains. The all-in-all-out domain structure can be controlled by an
external magnetic field applied parallel to the [111] direction. This is a
result of different spin canting mechanism for the two all-in-all-out
configurations for such a direction of the magnetic field. The change of the
domain structure is observed through a hysteresis in the magnetic
susceptibility. No hysteresis occurs, however, in case the external magnetic
field is applied along [100].
</summary>
    <author>
      <name>L. Opherden</name>
    </author>
    <author>
      <name>J. Hornung</name>
    </author>
    <author>
      <name>T. Herrmannsdörfer</name>
    </author>
    <author>
      <name>J. Xu</name>
    </author>
    <author>
      <name>A. T. M. N. Islam</name>
    </author>
    <author>
      <name>B. Lake</name>
    </author>
    <author>
      <name>J. Wosnitza</name>
    </author>
    <arxiv:doi xmlns:arxiv="http://arxiv.org/schemas/atom">10.1103/PhysRevB.95.184418</arxiv:doi>
    <link title="doi" href="http://dx.doi.org/10.1103/PhysRevB.95.184418" rel="related"/>
    <arxiv:comment xmlns:arxiv="http://arxiv.org/schemas/atom">Accepted for publication in Phys. Rev. B, 6 pages, 6 figures</arxiv:comment>
    <link href="http://arxiv.org/abs/1704.07600v1" rel="alternate" type="text/html"/>
    <link title="pdf" href="http://arxiv.org/pdf/1704.07600v1" rel="related" type="application/pdf"/>
    <arxiv:primary_category xmlns:arxiv="http://arxiv.org/schemas/atom" term="cond-mat.str-el" scheme="http://arxiv.org/schemas/atom"/>
    <category term="cond-mat.str-el" scheme="http://arxiv.org/schemas/atom"/>
  </entry>
  <entry>
    <id>http://arxiv.org/abs/math/0401103v3</id>
    <updated>2005-05-14T13:39:13Z</updated>
    <published>2004-01-10T14:08:16Z</published>
    <title>Maximal clones on uncountable sets that include all permutations</title>
    <summary>  We first determine the maximal clones on a set X of infinite regular
cardinality which contain all permutations but not all unary functions,
extending a result of Heindorf's for countably infinite X. If |X| is countably
infinite or weakly compact, this yields a list of all maximal clones containing
the permutations since in that case the maximal clones above the unary
functions are known. We then generalize a result of Gavrilov's to obtain on all
infinite X a list of all maximal submonoids of the monoid of unary functions
which contain the permutations.
</summary>
    <author>
      <name>Michael Pinsker</name>
    </author>
    <arxiv:comment xmlns:arxiv="http://arxiv.org/schemas/atom">19 pages; latest version has shorter proofs and no mistakes</arxiv:comment>
    <link href="http://arxiv.org/abs/math/0401103v3" rel="alternate" type="text/html"/>
    <link title="pdf" href="http://arxiv.org/pdf/math/0401103v3" rel="related" type="application/pdf"/>
    <arxiv:primary_category xmlns:arxiv="http://arxiv.org/schemas/atom" term="math.RA" scheme="http://arxiv.org/schemas/atom"/>
    <category term="math.RA" scheme="http://arxiv.org/schemas/atom"/>
    <category term="math.LO" scheme="http://arxiv.org/schemas/atom"/>
    <category term="08A40; 08A05" scheme="http://arxiv.org/schemas/atom"/>
  </entry>
  <entry>
    <id>http://arxiv.org/abs/0803.0831v1</id>
    <updated>2008-03-06T10:55:33Z</updated>
    <published>2008-03-06T10:55:33Z</published>
    <title>On the ternary Goldbach problem with primes in independent arithmetic
  progressions</title>
    <summary>  We show that for every fixed $A&gt;0$ and $\theta&gt;0$ there is a
  $\vartheta=\vartheta(A,\theta)&gt;0$ with the following property.
  Let $n$ be odd and sufficiently large, and let
  $Q_{1}=Q_{2}:=n^{\h}(\log n)^{-\vartheta}$ and $Q_{3}:=(\log n)^{\theta}$.
Then for all $q_{3}\leq Q_{3}$, all reduced residues $a_{3}$ mod $q_{3}$,
almost all $q_{2}\leq Q_{2}$, all admissible residues $a_{2}$ mod $q_{2}$,
almost all $q_{1}\leq Q_{1}$ and all admissible residues $a_{1}$ mod $q_{1}$,
there exists a representation $n=p_{1}+p_{2}+p_{3}$ with primes $p_{i}\equiv
a_{i} (q_{i})$, $i=1,2,3$.
</summary>
    <author>
      <name>Karin Halupczok</name>
    </author>
    <arxiv:comment xmlns:arxiv="http://arxiv.org/schemas/atom">accepted for publication in Acta Math. Hungar</arxiv:comment>
    <link href="http://arxiv.org/abs/0803.0831v1" rel="alternate" type="text/html"/>
    <link title="pdf" href="http://arxiv.org/pdf/0803.0831v1" rel="related" type="application/pdf"/>
    <arxiv:primary_category xmlns:arxiv="http://arxiv.org/schemas/atom" term="math.NT" scheme="http://arxiv.org/schemas/atom"/>
    <category term="math.NT" scheme="http://arxiv.org/schemas/atom"/>
    <category term="11P32, 11P55, 11N36" scheme="http://arxiv.org/schemas/atom"/>
  </entry>
  <entry>
    <id>http://arxiv.org/abs/1104.2015v1</id>
    <updated>2011-04-11T18:03:53Z</updated>
    <published>2011-04-11T18:03:53Z</published>
    <title>Orbit structure of interval exchange transformations with flip</title>
    <summary>  A sharp bound on the number of invariant components of an interval exchange
transformation is provided. More precisely, it is proved that the number of
periodic components n_per and the number of minimal components n_min of an
interval exchange transformation of n intervals satisfy n_per+2 n_min\le n.
Besides, it is shown that almost all interval exchange transformations are
typical, that is, have all the periodic components stable and all the minimal
components robust (i.e. persistent under almost all small perturbations).
Finally, we find all the possible values for the integer vector (n_per, n_min)
for all typical interval exchange transformation of n intervals.
</summary>
    <author>
      <name>Arnaldo Nogueira</name>
    </author>
    <author>
      <name>Benito Pires</name>
    </author>
    <author>
      <name>Serge Troubetzkoy</name>
    </author>
    <link href="http://arxiv.org/abs/1104.2015v1" rel="alternate" type="text/html"/>
    <link title="pdf" href="http://arxiv.org/pdf/1104.2015v1" rel="related" type="application/pdf"/>
    <arxiv:primary_category xmlns:arxiv="http://arxiv.org/schemas/atom" term="math.DS" scheme="http://arxiv.org/schemas/atom"/>
    <category term="math.DS" scheme="http://arxiv.org/schemas/atom"/>
  </entry>
  <entry>
    <id>http://arxiv.org/abs/1201.4782v1</id>
    <updated>2012-01-23T17:46:27Z</updated>
    <published>2012-01-23T17:46:27Z</published>
    <title>Blockers for non-crossing spanning trees in complete geometric graphs</title>
    <summary>  In this paper we present a complete characterization of the smallest sets
that block all the simple spanning trees (SSTs) in a complete geometric graph.
We also show that if a subgraph is a blocker for all SSTs of diameter at most
4, then it must block all simple spanning subgraphs, and in particular, all
SSTs. For convex geometric graphs, we obtain an even stronger result: being a
blocker for all SSTs of diameter at most 3 is already sufficient for blocking
all simple spanning subgraphs.
</summary>
    <author>
      <name>Chaya Keller</name>
    </author>
    <author>
      <name>Micha A. Perles</name>
    </author>
    <author>
      <name>Eduardo Rivera-Campo</name>
    </author>
    <author>
      <name>Virginia Urrutia-Galicia</name>
    </author>
    <arxiv:comment xmlns:arxiv="http://arxiv.org/schemas/atom">14 pages, 10 figures, to appear in the book "Thirty Essays in
  Geometric Graph Theory" edited by J. Pach</arxiv:comment>
    <link href="http://arxiv.org/abs/1201.4782v1" rel="alternate" type="text/html"/>
    <link title="pdf" href="http://arxiv.org/pdf/1201.4782v1" rel="related" type="application/pdf"/>
    <arxiv:primary_category xmlns:arxiv="http://arxiv.org/schemas/atom" term="math.CO" scheme="http://arxiv.org/schemas/atom"/>
    <category term="math.CO" scheme="http://arxiv.org/schemas/atom"/>
    <category term="05C30, 05C62" scheme="http://arxiv.org/schemas/atom"/>
  </entry>
  <entry>
    <id>http://arxiv.org/abs/1404.3278v1</id>
    <updated>2014-04-12T10:50:50Z</updated>
    <published>2014-04-12T10:50:50Z</published>
    <title>Criteria for p-ordinarity of families of elliptic curves over infinitely
  many number fields</title>
    <summary>  Let $K_i$ be a number field for all $i \in \mathbb{Z}_{&gt; 0}$ and let
$\mathcal{E}$ be a family of elliptic curves containing infinitely many members
defined over $K_i$ for all $i$. Fix a rational prime $p$. We give sufficient
conditions for the existence of an integer $i_0$ such that, for all $i &gt; i_0$
and all elliptic curve $E \in \mathcal{E}$ having good reduction at all
$\mathfrak{p} \mid p$ in $K_i$, we have that $E$ has good ordinary reduction at
all primes $\mathfrak{p} \mid p$.
</summary>
    <author>
      <name>Nuno Freitas</name>
    </author>
    <author>
      <name>Panagiotis Tsaknias</name>
    </author>
    <arxiv:comment xmlns:arxiv="http://arxiv.org/schemas/atom">6 pages</arxiv:comment>
    <link href="http://arxiv.org/abs/1404.3278v1" rel="alternate" type="text/html"/>
    <link title="pdf" href="http://arxiv.org/pdf/1404.3278v1" rel="related" type="application/pdf"/>
    <arxiv:primary_category xmlns:arxiv="http://arxiv.org/schemas/atom" term="math.NT" scheme="http://arxiv.org/schemas/atom"/>
    <category term="math.NT" scheme="http://arxiv.org/schemas/atom"/>
    <category term="11G05, 11D41" scheme="http://arxiv.org/schemas/atom"/>
  </entry>
  <entry>
    <id>http://arxiv.org/abs/1607.02433v2</id>
    <updated>2018-07-03T14:40:52Z</updated>
    <published>2016-07-08T16:03:57Z</published>
    <title>Plane-filling curves on all uniform grids</title>
    <summary>  We describe a search for plane-filling curves traversing all edges of a grid
once. The curves are given by Lindenmayer systems with only one non-constant
letter. All such curves for small orders on three grids have been found. For
all uniform grids we show how curves traversing all points once can be obtained
from the curves found. Curves traversing all edges once are described for the
four uniform grids where they exist.
</summary>
    <author>
      <name>Jörg Arndt</name>
    </author>
    <arxiv:comment xmlns:arxiv="http://arxiv.org/schemas/atom">124 figures, many in color; corrected counts for shapes on the
  triangular grid</arxiv:comment>
    <link href="http://arxiv.org/abs/1607.02433v2" rel="alternate" type="text/html"/>
    <link title="pdf" href="http://arxiv.org/pdf/1607.02433v2" rel="related" type="application/pdf"/>
    <arxiv:primary_category xmlns:arxiv="http://arxiv.org/schemas/atom" term="math.CO" scheme="http://arxiv.org/schemas/atom"/>
    <category term="math.CO" scheme="http://arxiv.org/schemas/atom"/>
  </entry>
  <entry>
    <id>http://arxiv.org/abs/1609.06563v1</id>
    <updated>2016-09-21T13:56:07Z</updated>
    <published>2016-09-21T13:56:07Z</published>
    <title>Quadratic forms representing all integers coprime to 3</title>
    <summary>  Following Bhargava and Hanke's celebrated 290-theorem, we prove a
universality theorem for all positive-definite integer-valued quadratic forms
that represent all positive integers coprime to $3$. In particular, if a
positive-definite quadratic form represents all positive integers coprime to
$3$ and $\leq 290$, then it represents all positive integers coprime to $3$. We
use similar methods to those used by Rouse to prove (assuming GRH) that a
positive-definite quadratic form representing every odd integer between $1$ and
$451$ represents all positive odd integers.
</summary>
    <author>
      <name>Justin DeBenedetto</name>
    </author>
    <author>
      <name>Jeremy Rouse</name>
    </author>
    <arxiv:comment xmlns:arxiv="http://arxiv.org/schemas/atom">15 pages</arxiv:comment>
    <link href="http://arxiv.org/abs/1609.06563v1" rel="alternate" type="text/html"/>
    <link title="pdf" href="http://arxiv.org/pdf/1609.06563v1" rel="related" type="application/pdf"/>
    <arxiv:primary_category xmlns:arxiv="http://arxiv.org/schemas/atom" term="math.NT" scheme="http://arxiv.org/schemas/atom"/>
    <category term="math.NT" scheme="http://arxiv.org/schemas/atom"/>
    <category term="11E20 (Primary), 11F30 (Secondary)" scheme="http://arxiv.org/schemas/atom"/>
  </entry>
  <entry>
    <id>http://arxiv.org/abs/1712.00859v1</id>
    <updated>2017-12-04T00:04:17Z</updated>
    <published>2017-12-04T00:04:17Z</published>
    <title>On the Geometry of Nash and Correlated Equilibria with Cumulative
  Prospect Theoretic Preferences</title>
    <summary>  It is known that the set of all correlated equilibria of an n-player
non-cooperative game is a convex polytope and includes all the Nash equilibria.
Further, the Nash equilibria all lie on the boundary of this polytope. We study
the geometry of both these equilibrium notions when the players have cumulative
prospect theoretic (CPT) preferences. The set of CPT correlated equilibria
includes all the CPT Nash equilibria but it need not be a convex polytope. We
show that it can, in fact, be disconnected. However, all the CPT Nash
equilibria continue to lie on its boundary. We also characterize the sets of
CPT correlated equilibria and CPT Nash equilibria for all 2x2 games.
</summary>
    <author>
      <name>Soham R. Phade</name>
    </author>
    <author>
      <name>Venkat Anantharam</name>
    </author>
    <link href="http://arxiv.org/abs/1712.00859v1" rel="alternate" type="text/html"/>
    <link title="pdf" href="http://arxiv.org/pdf/1712.00859v1" rel="related" type="application/pdf"/>
    <arxiv:primary_category xmlns:arxiv="http://arxiv.org/schemas/atom" term="cs.GT" scheme="http://arxiv.org/schemas/atom"/>
    <category term="cs.GT" scheme="http://arxiv.org/schemas/atom"/>
  </entry>
  <entry>
    <id>http://arxiv.org/abs/1903.03164v1</id>
    <updated>2019-03-07T20:15:45Z</updated>
    <published>2019-03-07T20:15:45Z</published>
    <title>Shallow Overlay Trees Suffice for High-Throughput Consensus</title>
    <summary>  All-to-all data transmission is a typical data transmission pattern in
blockchain systems. Developing an optimization scheme that provides high
throughput and low latency data transmission can significantly benefit the
performance of those systems. In this work, we consider the problem of
optimizing all-to-all data transmission in a wide area network(WAN) using
overlay multicast. We prove that in a congestion-free core network model, using
shallow broadcast trees with heights up to two is sufficient for all-to-all
data transmission to achieve the optimal throughput allowed by the available
network resources.
</summary>
    <author>
      <name>Hao Tan</name>
    </author>
    <author>
      <name>Wojciech Golab</name>
    </author>
    <link href="http://arxiv.org/abs/1903.03164v1" rel="alternate" type="text/html"/>
    <link title="pdf" href="http://arxiv.org/pdf/1903.03164v1" rel="related" type="application/pdf"/>
    <arxiv:primary_category xmlns:arxiv="http://arxiv.org/schemas/atom" term="cs.DC" scheme="http://arxiv.org/schemas/atom"/>
    <category term="cs.DC" scheme="http://arxiv.org/schemas/atom"/>
  </entry>
  <entry>
    <id>http://arxiv.org/abs/astro-ph/0305242v2</id>
    <updated>2004-03-10T06:38:36Z</updated>
    <published>2003-05-14T08:40:21Z</published>
    <title>Feasibility of GRB with TeV gamma ray all sky monitor</title>
    <summary>  We discuss feasibility of Gamma ray burst (GRB) with TeV gamma ray all sky
monitor and discuss necessity of TeV gamma ray cherenkov all sky monitor.
</summary>
    <author>
      <name>S. Osone</name>
    </author>
    <arxiv:comment xmlns:arxiv="http://arxiv.org/schemas/atom">5 pages, 2 figures, ICRC2003 Proceeding paper</arxiv:comment>
    <link href="http://arxiv.org/abs/astro-ph/0305242v2" rel="alternate" type="text/html"/>
    <link title="pdf" href="http://arxiv.org/pdf/astro-ph/0305242v2" rel="related" type="application/pdf"/>
    <arxiv:primary_category xmlns:arxiv="http://arxiv.org/schemas/atom" term="astro-ph" scheme="http://arxiv.org/schemas/atom"/>
    <category term="astro-ph" scheme="http://arxiv.org/schemas/atom"/>
  </entry>
  <entry>
    <id>http://arxiv.org/abs/math/0508215v1</id>
    <updated>2005-08-12T10:59:24Z</updated>
    <published>2005-08-12T10:59:24Z</published>
    <title>On the Possible Monoid Structures of the Natural Numbers N, or Finding
  All Associative Binary Operations on N</title>
    <summary>  A certain analysis of all possible associative binary operations on N is
presented. This is equivalent with an analysis of all possible monoid
structures on N. Several results and a conjecture in this regard are given.
</summary>
    <author>
      <name>Elemer E Rosinger</name>
    </author>
    <link href="http://arxiv.org/abs/math/0508215v1" rel="alternate" type="text/html"/>
    <link title="pdf" href="http://arxiv.org/pdf/math/0508215v1" rel="related" type="application/pdf"/>
    <arxiv:primary_category xmlns:arxiv="http://arxiv.org/schemas/atom" term="math.GM" scheme="http://arxiv.org/schemas/atom"/>
    <category term="math.GM" scheme="http://arxiv.org/schemas/atom"/>
  </entry>
  <entry>
    <id>http://arxiv.org/abs/math/0509676v1</id>
    <updated>2005-09-28T18:51:33Z</updated>
    <published>2005-09-28T18:51:33Z</published>
    <title>Quantum Lobachevsky Planes</title>
    <summary>  We classify all SL(2,R)-covariant Poisson structures on the Lobachevsky plane
with respect to all multiplicative Poisson structures on SL(2,R) and describe
Quantisations for all these Poisson structures.
</summary>
    <author>
      <name>Frank Leitenberger</name>
    </author>
    <arxiv:doi xmlns:arxiv="http://arxiv.org/schemas/atom">10.1063/1.531560</arxiv:doi>
    <link title="doi" href="http://dx.doi.org/10.1063/1.531560" rel="related"/>
    <arxiv:comment xmlns:arxiv="http://arxiv.org/schemas/atom">13 pages</arxiv:comment>
    <arxiv:journal_ref xmlns:arxiv="http://arxiv.org/schemas/atom">J. Math. Phys. 37, No.7, 3131-3140 (1996)</arxiv:journal_ref>
    <link href="http://arxiv.org/abs/math/0509676v1" rel="alternate" type="text/html"/>
    <link title="pdf" href="http://arxiv.org/pdf/math/0509676v1" rel="related" type="application/pdf"/>
    <arxiv:primary_category xmlns:arxiv="http://arxiv.org/schemas/atom" term="math.QA" scheme="http://arxiv.org/schemas/atom"/>
    <category term="math.QA" scheme="http://arxiv.org/schemas/atom"/>
    <category term="17B37" scheme="http://arxiv.org/schemas/atom"/>
  </entry>
  <entry>
    <id>http://arxiv.org/abs/1103.5230v1</id>
    <updated>2011-03-27T16:17:11Z</updated>
    <published>2011-03-27T16:17:11Z</published>
    <title>On primary and secondary repetitions in words</title>
    <summary>  Combinatorial properties of maximal repetitions (runs) in formal words are
studied. We classify all maximal repetitions in a word as primary and secondary
where the set of all primary repetitions determines all the other repetitons in
the word. Essential combinatorial properties of primary repetitions are
established.
</summary>
    <author>
      <name>Roman Kolpakov</name>
    </author>
    <arxiv:comment xmlns:arxiv="http://arxiv.org/schemas/atom">14 pages</arxiv:comment>
    <link href="http://arxiv.org/abs/1103.5230v1" rel="alternate" type="text/html"/>
    <link title="pdf" href="http://arxiv.org/pdf/1103.5230v1" rel="related" type="application/pdf"/>
    <arxiv:primary_category xmlns:arxiv="http://arxiv.org/schemas/atom" term="cs.FL" scheme="http://arxiv.org/schemas/atom"/>
    <category term="cs.FL" scheme="http://arxiv.org/schemas/atom"/>
  </entry>
  <entry>
    <id>http://arxiv.org/abs/1106.3972v1</id>
    <updated>2011-06-20T17:35:28Z</updated>
    <published>2011-06-20T17:35:28Z</published>
    <title>All Fierz-Paulian massive gravity theories have ghosts or superluminal
  modes</title>
    <summary>  We show that all non-linear completions of the Fierz-Pauli massive gravity
are ruled out, because all theories which might be ghost-free have superluminal
modes.
</summary>
    <author>
      <name>Andrei Gruzinov</name>
    </author>
    <arxiv:comment xmlns:arxiv="http://arxiv.org/schemas/atom">2 pages</arxiv:comment>
    <link href="http://arxiv.org/abs/1106.3972v1" rel="alternate" type="text/html"/>
    <link title="pdf" href="http://arxiv.org/pdf/1106.3972v1" rel="related" type="application/pdf"/>
    <arxiv:primary_category xmlns:arxiv="http://arxiv.org/schemas/atom" term="hep-th" scheme="http://arxiv.org/schemas/atom"/>
    <category term="hep-th" scheme="http://arxiv.org/schemas/atom"/>
  </entry>
  <entry>
    <id>http://arxiv.org/abs/1801.02359v1</id>
    <updated>2018-01-08T09:44:10Z</updated>
    <published>2018-01-08T09:44:10Z</published>
    <title>A convergent $1/n$-expansion for GSE and GOE</title>
    <summary>  We generalize the results on the asymptotic expansion from Gaussian Unitary
Ensembles case to all Gaussian Ensembles. We derive differential equations on
densities and their moment generating functions for all Gaussian Ensembles.
Also, we calculate explicit expressions for the moment generating functions for
all Gaussian Ensembles.
</summary>
    <author>
      <name>Yaroslav Naprienko</name>
    </author>
    <link href="http://arxiv.org/abs/1801.02359v1" rel="alternate" type="text/html"/>
    <link title="pdf" href="http://arxiv.org/pdf/1801.02359v1" rel="related" type="application/pdf"/>
    <arxiv:primary_category xmlns:arxiv="http://arxiv.org/schemas/atom" term="math.PR" scheme="http://arxiv.org/schemas/atom"/>
    <category term="math.PR" scheme="http://arxiv.org/schemas/atom"/>
  </entry>
  <entry>
    <id>http://arxiv.org/abs/1803.07698v1</id>
    <updated>2018-03-21T00:15:47Z</updated>
    <published>2018-03-21T00:15:47Z</published>
    <title>The classification of $n$-dimensional anticommutative algebras with
  $(n-3)$-dimensional annihilator</title>
    <summary>  We give the classification of all $n$-dimensional anticommutative complex
algebras with $(n-3)$-dimensional annihilator. Namely, we describe all central
extensions of all $3$-dimensional anticommutative complex algebras.
</summary>
    <author>
      <name>Antonio Jesús Calderón</name>
    </author>
    <author>
      <name>Amir Fernández Ouaridi</name>
    </author>
    <author>
      <name>Ivan Kaygorodov</name>
    </author>
    <link href="http://arxiv.org/abs/1803.07698v1" rel="alternate" type="text/html"/>
    <link title="pdf" href="http://arxiv.org/pdf/1803.07698v1" rel="related" type="application/pdf"/>
    <arxiv:primary_category xmlns:arxiv="http://arxiv.org/schemas/atom" term="math.RA" scheme="http://arxiv.org/schemas/atom"/>
    <category term="math.RA" scheme="http://arxiv.org/schemas/atom"/>
  </entry>
  <entry>
    <id>http://arxiv.org/abs/1812.01433v1</id>
    <updated>2018-11-29T16:34:01Z</updated>
    <published>2018-11-29T16:34:01Z</published>
    <title>Outer billiards outside regular decagon: periodicity of almost all
  orbits and existence of an aperiodic point</title>
    <summary>  The existence of an aperiodic orbit for an outer billiard outside a regular
octagon is proved. Additionally, almost all orbits of such an outer billiard
are proved to be periodic. All possible periods are explicitly listed.
</summary>
    <author>
      <name>Filipp Rukhovich</name>
    </author>
    <arxiv:comment xmlns:arxiv="http://arxiv.org/schemas/atom">57 pages (in Russian)</arxiv:comment>
    <link href="http://arxiv.org/abs/1812.01433v1" rel="alternate" type="text/html"/>
    <link title="pdf" href="http://arxiv.org/pdf/1812.01433v1" rel="related" type="application/pdf"/>
    <arxiv:primary_category xmlns:arxiv="http://arxiv.org/schemas/atom" term="math.DS" scheme="http://arxiv.org/schemas/atom"/>
    <category term="math.DS" scheme="http://arxiv.org/schemas/atom"/>
  </entry>
  <entry>
    <id>http://arxiv.org/abs/1904.02699v2</id>
    <updated>2019-05-16T14:08:49Z</updated>
    <published>2019-04-04T17:56:41Z</published>
    <title>All Order $α'$ Corrections to Fermionic Couplings of
  D-brane-Anti-D-brane Effective Actions</title>
    <summary>  We first point out to all order $\alpha'$ corrections to lower order
fermionic couplings and their effective actions of type II super string theory.
In order to reveal all symmetries of the particular D-brane Anti-D-brane
system, and to construct not only all the singularity structures but also all
order $\alpha'$ corrections of fermionic couplings to tachyons, we employ all
the Conformal Field Theory (CFT) methods to a six point function. Basically, we
construct all the correlation functions of four spin operators and two world
sheet fermion fields. The S-matrix of two fermion fields, two real tachyons in
the presence of a closed string Ramond-Ramond (RR) field in type II will be
explored. Applying all the symmetries of the amplitude, a proper expansion for
D-brane Anti D-brane is also found out. Having carried out all the Effective
Field Theory (EFT) techniques, one would discover all order singularity
structures of string theory. The entire algebraic computations of the amplitude
of $&lt;V_{C^{-1}(z,\bar z)} V_{\bar\psi^{-1/2}(x_1)} V_{\psi^{-1/2}(x_2)}
V_{T^{0}(x_3)} V_{T^{0}(x_4)}&gt;$ have also been derived. Various new string
couplings are revealed as well. Eventually, making comparison the S-matrix with
all EFT parts, all order $\alpha'$ higher derivative corrections to two
fermions -- two tachyons in the world volume of D-brane Anti D-brane of type II
are discovered accordingly.
</summary>
    <author>
      <name>Ehsan Hatefi</name>
    </author>
    <arxiv:doi xmlns:arxiv="http://arxiv.org/schemas/atom">10.1088/1475-7516/2019/05/044</arxiv:doi>
    <link title="doi" href="http://dx.doi.org/10.1088/1475-7516/2019/05/044" rel="related"/>
    <arxiv:comment xmlns:arxiv="http://arxiv.org/schemas/atom">V2:27 pages and references added. To appear in JCAP</arxiv:comment>
    <arxiv:journal_ref xmlns:arxiv="http://arxiv.org/schemas/atom">JCAP 1905 (2019) 044</arxiv:journal_ref>
    <link href="http://arxiv.org/abs/1904.02699v2" rel="alternate" type="text/html"/>
    <link title="pdf" href="http://arxiv.org/pdf/1904.02699v2" rel="related" type="application/pdf"/>
    <arxiv:primary_category xmlns:arxiv="http://arxiv.org/schemas/atom" term="hep-th" scheme="http://arxiv.org/schemas/atom"/>
    <category term="hep-th" scheme="http://arxiv.org/schemas/atom"/>
  </entry>
  <entry>
    <id>http://arxiv.org/abs/1905.00895v1</id>
    <updated>2019-05-01T23:30:33Z</updated>
    <published>2019-05-01T23:30:33Z</published>
    <title>Heron Angles, Heron Triangles, and Heron Parallelograms</title>
    <summary>  Heron angle: both its sine and cosine are rational Heron triangle: all its
sides and area are rational Heron Parallelogram: all its sides, diagonals and
area are rational We give one-to-one (bijective) parametrizations for all three
concepts.
</summary>
    <author>
      <name>Walter Wyss</name>
    </author>
    <link href="http://arxiv.org/abs/1905.00895v1" rel="alternate" type="text/html"/>
    <link title="pdf" href="http://arxiv.org/pdf/1905.00895v1" rel="related" type="application/pdf"/>
    <arxiv:primary_category xmlns:arxiv="http://arxiv.org/schemas/atom" term="math.GM" scheme="http://arxiv.org/schemas/atom"/>
    <category term="math.GM" scheme="http://arxiv.org/schemas/atom"/>
    <category term="11D99, 51M04, 14G99" scheme="http://arxiv.org/schemas/atom"/>
  </entry>
  <entry>
    <id>http://arxiv.org/abs/math/9712288v1</id>
    <updated>1997-12-15T00:00:00Z</updated>
    <published>1997-12-15T00:00:00Z</published>
    <title>The covering numbers of Mycielski ideals are all equal</title>
    <summary>  The Mycielski ideal M_k is defined to consist of all sets A subseteq k^omega
such that {f restriction X: f in A} not= k^X for all X in [omega]^{aleph_0}. It
will be shown that the covering numbers for these ideals are all equal.
However, the covering numbers of the closely associated Roslanowski ideals will
be shown to be consistently different.
</summary>
    <author>
      <name>Saharon Shelah</name>
    </author>
    <author>
      <name>Juris Steprāns</name>
    </author>
    <link href="http://arxiv.org/abs/math/9712288v1" rel="alternate" type="text/html"/>
    <link title="pdf" href="http://arxiv.org/pdf/math/9712288v1" rel="related" type="application/pdf"/>
    <arxiv:primary_category xmlns:arxiv="http://arxiv.org/schemas/atom" term="math.LO" scheme="http://arxiv.org/schemas/atom"/>
    <category term="math.LO" scheme="http://arxiv.org/schemas/atom"/>
  </entry>
  <entry>
    <id>http://arxiv.org/abs/math/0503183v1</id>
    <updated>2005-03-09T18:16:14Z</updated>
    <published>2005-03-09T18:16:14Z</published>
    <title>On the Number of Hamiltonian Groups</title>
    <summary>  Finite hamiltonian groups are counted. The sequence of numbers of all groups
of order $n$ all whose subgroups are normal and the sequence of numbers of all
groups of order less or equal to $n$ all whose subgroups are normal are
presented.
</summary>
    <author>
      <name>Boris Horvat</name>
    </author>
    <author>
      <name>Gašper Jaklič</name>
    </author>
    <author>
      <name>Tomaž Pisanski</name>
    </author>
    <arxiv:comment xmlns:arxiv="http://arxiv.org/schemas/atom">6 pages, 8 tables</arxiv:comment>
    <link href="http://arxiv.org/abs/math/0503183v1" rel="alternate" type="text/html"/>
    <link title="pdf" href="http://arxiv.org/pdf/math/0503183v1" rel="related" type="application/pdf"/>
    <arxiv:primary_category xmlns:arxiv="http://arxiv.org/schemas/atom" term="math.CO" scheme="http://arxiv.org/schemas/atom"/>
    <category term="math.CO" scheme="http://arxiv.org/schemas/atom"/>
    <category term="math.GR" scheme="http://arxiv.org/schemas/atom"/>
    <category term="11Y55;05C25;20B05" scheme="http://arxiv.org/schemas/atom"/>
  </entry>
  <entry>
    <id>http://arxiv.org/abs/math/0505598v1</id>
    <updated>2005-05-27T07:01:17Z</updated>
    <published>2005-05-27T07:01:17Z</published>
    <title>Isometry groups of k-curvature homogeneous pseudo-Riemannian manifolds</title>
    <summary>  We study the isometry groups and Killing vector fields of a family of
pseudo-Riemannian metrics on Euclidean space which have neutral signature
(3+2p,3+2p). All are p+2 curvature homogeneous, all have vanishing Weyl scalar
invariants, all are geodesically complete, and all are 0-curvature modeled on
an indecomposible symmetric space. Some of these manifolds are not p+3
curvature homogeneous. Some are homogeneous but not symmetric.
</summary>
    <author>
      <name>P. Gilkey</name>
    </author>
    <author>
      <name>S. Nikcevic</name>
    </author>
    <link href="http://arxiv.org/abs/math/0505598v1" rel="alternate" type="text/html"/>
    <link title="pdf" href="http://arxiv.org/pdf/math/0505598v1" rel="related" type="application/pdf"/>
    <arxiv:primary_category xmlns:arxiv="http://arxiv.org/schemas/atom" term="math.DG" scheme="http://arxiv.org/schemas/atom"/>
    <category term="math.DG" scheme="http://arxiv.org/schemas/atom"/>
    <category term="53B20" scheme="http://arxiv.org/schemas/atom"/>
  </entry>
  <entry>
    <id>http://arxiv.org/abs/0801.3730v2</id>
    <updated>2008-02-21T01:24:50Z</updated>
    <published>2008-01-24T14:55:35Z</published>
    <title>All-optical switch with two periodically curved nonlinear waveguides</title>
    <summary>  We propose a type of all-optical switch which consists of two periodically
curved nonlinear optical waveguides placed in parallel. Compared to the
all-optical switch based on the traditional nonlinear directional coupler with
straight waveguides, this all-optical switch has much lower switching threshold
power and sharper switching width.
</summary>
    <author>
      <name>Qiongtao Xie</name>
    </author>
    <author>
      <name>Xiaobing Luo</name>
    </author>
    <author>
      <name>Biao Wu</name>
    </author>
    <arxiv:doi xmlns:arxiv="http://arxiv.org/schemas/atom">10.1364/OL.35.000321</arxiv:doi>
    <link title="doi" href="http://dx.doi.org/10.1364/OL.35.000321" rel="related"/>
    <arxiv:comment xmlns:arxiv="http://arxiv.org/schemas/atom">4 pages,3 figures</arxiv:comment>
    <arxiv:journal_ref xmlns:arxiv="http://arxiv.org/schemas/atom">Optics Letters, 35(3) 321-323(2010)</arxiv:journal_ref>
    <link href="http://arxiv.org/abs/0801.3730v2" rel="alternate" type="text/html"/>
    <link title="pdf" href="http://arxiv.org/pdf/0801.3730v2" rel="related" type="application/pdf"/>
    <arxiv:primary_category xmlns:arxiv="http://arxiv.org/schemas/atom" term="physics.optics" scheme="http://arxiv.org/schemas/atom"/>
    <category term="physics.optics" scheme="http://arxiv.org/schemas/atom"/>
  </entry>
  <entry>
    <id>http://arxiv.org/abs/0811.4266v1</id>
    <updated>2008-11-26T10:43:00Z</updated>
    <published>2008-11-26T10:43:00Z</published>
    <title>On Self-mapping Degrees of $S^3$-geometry manifolds</title>
    <summary>  In this paper we determined all of the possible self mapping degrees of the
manifolds with $S^3$-geometry, which are supposed to be all 3-manifolds with
finite fundamental groups. This is a part of a project to determine all
possible self mapping degrees of all closed orientable 3-manifold in Thurston's
picture.
</summary>
    <author>
      <name>Xiaoming Du</name>
    </author>
    <arxiv:comment xmlns:arxiv="http://arxiv.org/schemas/atom">12 pages</arxiv:comment>
    <link href="http://arxiv.org/abs/0811.4266v1" rel="alternate" type="text/html"/>
    <link title="pdf" href="http://arxiv.org/pdf/0811.4266v1" rel="related" type="application/pdf"/>
    <arxiv:primary_category xmlns:arxiv="http://arxiv.org/schemas/atom" term="math.GT" scheme="http://arxiv.org/schemas/atom"/>
    <category term="math.GT" scheme="http://arxiv.org/schemas/atom"/>
    <category term="57M50; 57M60" scheme="http://arxiv.org/schemas/atom"/>
  </entry>
  <entry>
    <id>http://arxiv.org/abs/0907.2730v1</id>
    <updated>2009-07-16T02:04:22Z</updated>
    <published>2009-07-16T02:04:22Z</published>
    <title>Presentations of Graph Braid Groups</title>
    <summary>  Let G be a graph. The (unlabeled) configuration space of n points on G is the
space of all n-element subsets of G. The fundamental group of such a
configuration space is called a graph braid group. We use a version of discrete
Morse theory to compute presentations of all graph braid groups, for all finite
connected graphs G and all natural numbers n.
</summary>
    <author>
      <name>Daniel Farley</name>
    </author>
    <author>
      <name>Lucas Sabalka</name>
    </author>
    <arxiv:doi xmlns:arxiv="http://arxiv.org/schemas/atom">10.1515/FORM.2011.086</arxiv:doi>
    <link title="doi" href="http://dx.doi.org/10.1515/FORM.2011.086" rel="related"/>
    <arxiv:comment xmlns:arxiv="http://arxiv.org/schemas/atom">27 pages, 11 figures</arxiv:comment>
    <link href="http://arxiv.org/abs/0907.2730v1" rel="alternate" type="text/html"/>
    <link title="pdf" href="http://arxiv.org/pdf/0907.2730v1" rel="related" type="application/pdf"/>
    <arxiv:primary_category xmlns:arxiv="http://arxiv.org/schemas/atom" term="math.GR" scheme="http://arxiv.org/schemas/atom"/>
    <category term="math.GR" scheme="http://arxiv.org/schemas/atom"/>
    <category term="20F65, 20F36, 57M15, 55R80" scheme="http://arxiv.org/schemas/atom"/>
  </entry>
  <entry>
    <id>http://arxiv.org/abs/1109.5244v2</id>
    <updated>2012-02-10T01:36:23Z</updated>
    <published>2011-09-24T08:44:13Z</published>
    <title>Minimum-Energy All-to-All Multicasting in Multi-hop Wireless Networks</title>
    <summary>  Designing energy-efficient all-to-all multicasting protocols is of of great
importance for multi-hop wireless networks such as wireless sensor networks and
wireless ad hoc networks. In an all-to-all multicast session, there exists a
set of wireless destination nodes, and each destination node needs to send some
data packets to all other destination nodes. We consider the problem of
building a shared multicast tree spanning the destination nodes such that the
total energy consumption of realizing an all-to-all multicast session using the
shared multicast tree is minimized. Since building such a multicast tree has
been proved to be NP-complete, we provide both centralized and distributed
approximation algorithms with provable approximation ratios for it. When the
transmission power of each wireless node is fixed, our centralized and
distributed algorithms have the approximation ratios of $4ln(\Delta+1)+7$ and
13, respectively, where $\Delta$ is the maximum node degree in the network.
When the transmission power of each wireless node is adjustable, both of our
centralized and distributed algorithms have the constant approximation ratio of
145.
</summary>
    <author>
      <name>Kai Han</name>
    </author>
    <author>
      <name>Yang Liu</name>
    </author>
    <author>
      <name>Jun Luo</name>
    </author>
    <arxiv:comment xmlns:arxiv="http://arxiv.org/schemas/atom">This paper has been withdrawn by the author due to new graphs</arxiv:comment>
    <link href="http://arxiv.org/abs/1109.5244v2" rel="alternate" type="text/html"/>
    <link title="pdf" href="http://arxiv.org/pdf/1109.5244v2" rel="related" type="application/pdf"/>
    <arxiv:primary_category xmlns:arxiv="http://arxiv.org/schemas/atom" term="cs.NI" scheme="http://arxiv.org/schemas/atom"/>
    <category term="cs.NI" scheme="http://arxiv.org/schemas/atom"/>
  </entry>
  <entry>
    <id>http://arxiv.org/abs/1312.7271v2</id>
    <updated>2015-10-13T02:38:11Z</updated>
    <published>2013-12-27T14:37:28Z</published>
    <title>The $c_2$ invariant is invariant</title>
    <summary>  The $c_2$ invariants in all 4 different representations of the Feynman period
(parametric and dual parametric representations, position and momentum spaces)
coincide for all log-divergent graphs that satisfy the combinatorial condition
called duality admissibility. We check this condition for a good subspace of
graphs, for instance for all planar graphs. After the result in \cite{D3}, the
coincidence holds for all physically relevant graphs.
</summary>
    <author>
      <name>Dmitry Doryn</name>
    </author>
    <arxiv:comment xmlns:arxiv="http://arxiv.org/schemas/atom">31 pages, 4 figures</arxiv:comment>
    <link href="http://arxiv.org/abs/1312.7271v2" rel="alternate" type="text/html"/>
    <link title="pdf" href="http://arxiv.org/pdf/1312.7271v2" rel="related" type="application/pdf"/>
    <arxiv:primary_category xmlns:arxiv="http://arxiv.org/schemas/atom" term="math.AG" scheme="http://arxiv.org/schemas/atom"/>
    <category term="math.AG" scheme="http://arxiv.org/schemas/atom"/>
  </entry>
  <entry>
    <id>http://arxiv.org/abs/1502.06237v1</id>
    <updated>2015-02-22T15:32:28Z</updated>
    <published>2015-02-22T15:32:28Z</published>
    <title>Zero-divisor graph with seven vertices</title>
    <summary>  Inspired by the work in \cite{sauer} regarding the classification of all the
zero-divisor graphs with six vertices, we obtain all the zero-divisor graphs
with seven vertices. Hence we classify all the zero-divisor commutative
semigroups with 8 elements. We also obtain all the connected graphs with seven
vertices which satisfies the necessary condition $\star$ of zero-divisor graphs
given in \cite{fl} but are not the zero-divisor graphs.
</summary>
    <author>
      <name>Xinyun Zhu</name>
    </author>
    <link href="http://arxiv.org/abs/1502.06237v1" rel="alternate" type="text/html"/>
    <link title="pdf" href="http://arxiv.org/pdf/1502.06237v1" rel="related" type="application/pdf"/>
    <arxiv:primary_category xmlns:arxiv="http://arxiv.org/schemas/atom" term="math.CO" scheme="http://arxiv.org/schemas/atom"/>
    <category term="math.CO" scheme="http://arxiv.org/schemas/atom"/>
  </entry>
  <entry>
    <id>http://arxiv.org/abs/1511.04761v1</id>
    <updated>2015-11-15T20:23:56Z</updated>
    <published>2015-11-15T20:23:56Z</published>
    <title>Injective Subsets of $l_{\infty}(I)$</title>
    <summary>  We give an explicit characterization of all injective subsets of the model
space $l_{\infty}(I)$ for a general set $I$, in terms of inequalities involving
$1$-Lipschitz functions. Since the class of all injective metric spaces
coincides with the one of all absolute $1$-Lipschitz retracts, the present work
yields a characterization of all the subsets of $l_{\infty}(I)$ that are
absolute $1$-Lipschitz retracts.
</summary>
    <author>
      <name>Dominic Descombes</name>
    </author>
    <author>
      <name>Maël Pavón</name>
    </author>
    <arxiv:comment xmlns:arxiv="http://arxiv.org/schemas/atom">This generalizes arXiv:1510.04181</arxiv:comment>
    <link href="http://arxiv.org/abs/1511.04761v1" rel="alternate" type="text/html"/>
    <link title="pdf" href="http://arxiv.org/pdf/1511.04761v1" rel="related" type="application/pdf"/>
    <arxiv:primary_category xmlns:arxiv="http://arxiv.org/schemas/atom" term="math.MG" scheme="http://arxiv.org/schemas/atom"/>
    <category term="math.MG" scheme="http://arxiv.org/schemas/atom"/>
    <category term="math.FA" scheme="http://arxiv.org/schemas/atom"/>
  </entry>
  <entry>
    <id>http://arxiv.org/abs/1605.02414v1</id>
    <updated>2016-05-09T04:48:37Z</updated>
    <published>2016-05-09T04:48:37Z</published>
    <title>Minors of asymptotically almost all sparse paving matroids</title>
    <summary>  We use counting arguments to show that asymptotically almost all sparse
paving matroids contain an $H$-minor, where $H$ falls into one of several
simple classes of matroids. Furthermore the result holds for all $H$ in a
larger class of matroids, if we restrict to asymptotically almost all sparse
paving matroids of fixed rank $r$ (where $r$ is necessarily no smaller than the
rank of $H$).
</summary>
    <author>
      <name>Will Critchlow</name>
    </author>
    <link href="http://arxiv.org/abs/1605.02414v1" rel="alternate" type="text/html"/>
    <link title="pdf" href="http://arxiv.org/pdf/1605.02414v1" rel="related" type="application/pdf"/>
    <arxiv:primary_category xmlns:arxiv="http://arxiv.org/schemas/atom" term="math.CO" scheme="http://arxiv.org/schemas/atom"/>
    <category term="math.CO" scheme="http://arxiv.org/schemas/atom"/>
  </entry>
  <entry>
    <id>http://arxiv.org/abs/1601.00596v2</id>
    <updated>2016-02-20T03:41:51Z</updated>
    <published>2015-12-26T18:04:32Z</published>
    <title>Derivations of the Leavitt path algebra W(n)</title>
    <summary>  The aim of this paper is to describe all inner and all outer derivations of
Leavitt path algebra W(n) via explicit formulas. In fact the space of all inner
and all outer derivations of the Leavitt path algebra W(n) has been described.
</summary>
    <author>
      <name>Viktor Lopatkin</name>
    </author>
    <arxiv:comment xmlns:arxiv="http://arxiv.org/schemas/atom">arXiv admin note: substantial text overlap with arXiv:1509.05075</arxiv:comment>
    <link href="http://arxiv.org/abs/1601.00596v2" rel="alternate" type="text/html"/>
    <link title="pdf" href="http://arxiv.org/pdf/1601.00596v2" rel="related" type="application/pdf"/>
    <arxiv:primary_category xmlns:arxiv="http://arxiv.org/schemas/atom" term="math.RA" scheme="http://arxiv.org/schemas/atom"/>
    <category term="math.RA" scheme="http://arxiv.org/schemas/atom"/>
    <category term="math.AT" scheme="http://arxiv.org/schemas/atom"/>
  </entry>
  <entry>
    <id>http://arxiv.org/abs/1604.03544v1</id>
    <updated>2016-04-12T19:59:18Z</updated>
    <published>2016-04-12T19:59:18Z</published>
    <title>Ramanujan Graphs in Polynomial Time</title>
    <summary>  The recent work by Marcus, Spielman and Srivastava proves the existence of
bipartite Ramanujan (multi)graphs of all degrees and all sizes. However, that
paper did not provide a polynomial time algorithm to actually compute such
graphs. Here, we provide a polynomial time algorithm to compute certain
expected characteristic polynomials related to this construction. This leads to
a deterministic polynomial time algorithm to compute bipartite Ramanujan
(multi)graphs of all degrees and all sizes.
</summary>
    <author>
      <name>Michael B. Cohen</name>
    </author>
    <link href="http://arxiv.org/abs/1604.03544v1" rel="alternate" type="text/html"/>
    <link title="pdf" href="http://arxiv.org/pdf/1604.03544v1" rel="related" type="application/pdf"/>
    <arxiv:primary_category xmlns:arxiv="http://arxiv.org/schemas/atom" term="cs.DS" scheme="http://arxiv.org/schemas/atom"/>
    <category term="cs.DS" scheme="http://arxiv.org/schemas/atom"/>
    <category term="math.CO" scheme="http://arxiv.org/schemas/atom"/>
  </entry>
  <entry>
    <id>http://arxiv.org/abs/1609.06908v1</id>
    <updated>2016-09-22T10:51:54Z</updated>
    <published>2016-09-22T10:51:54Z</published>
    <title>Nice Restrictions of Reflection Arrangements</title>
    <summary>  In a recent paper, Hoge and the second author classified all nice and all
inductively factored reflection arrangements. In this note we extend this
classification by determining all nice and all inductively factored
restrictions of reflection arrangements.
</summary>
    <author>
      <name>Tilman Moeller</name>
    </author>
    <author>
      <name>Gerhard Roehrle</name>
    </author>
    <arxiv:comment xmlns:arxiv="http://arxiv.org/schemas/atom">18 pages. arXiv admin note: text overlap with arXiv:1602.06421,
  arXiv:1606.00617, arXiv:1402.3227, arXiv:1505.04603</arxiv:comment>
    <link href="http://arxiv.org/abs/1609.06908v1" rel="alternate" type="text/html"/>
    <link title="pdf" href="http://arxiv.org/pdf/1609.06908v1" rel="related" type="application/pdf"/>
    <arxiv:primary_category xmlns:arxiv="http://arxiv.org/schemas/atom" term="math.CO" scheme="http://arxiv.org/schemas/atom"/>
    <category term="math.CO" scheme="http://arxiv.org/schemas/atom"/>
    <category term="math.GR" scheme="http://arxiv.org/schemas/atom"/>
    <category term="20F55, 52B30, 52C35, 14N20" scheme="http://arxiv.org/schemas/atom"/>
  </entry>
  <entry>
    <id>http://arxiv.org/abs/1709.05841v1</id>
    <updated>2017-09-18T10:02:05Z</updated>
    <published>2017-09-18T10:02:05Z</published>
    <title>Algebras with irreducible module varieties I</title>
    <summary>  We call a finite-dimensional K-algebra A geometrically irreducible if for all
d, all connected components of the affine scheme of d-dimensional A-modules are
irreducible. We show that the geometrically irreducible algebras without loops
(this includes all algebras of finite global dimension) are the hereditary
algebras. We also show that truncated polynomial rings are the only
geometrically irreducible local algebras. Finally, we formulate a conjectural
classification of all geometrically irreducible algebras.
</summary>
    <author>
      <name>Grzegorz Bobiński</name>
    </author>
    <author>
      <name>Jan Schröer</name>
    </author>
    <arxiv:comment xmlns:arxiv="http://arxiv.org/schemas/atom">13 pages</arxiv:comment>
    <link href="http://arxiv.org/abs/1709.05841v1" rel="alternate" type="text/html"/>
    <link title="pdf" href="http://arxiv.org/pdf/1709.05841v1" rel="related" type="application/pdf"/>
    <arxiv:primary_category xmlns:arxiv="http://arxiv.org/schemas/atom" term="math.RT" scheme="http://arxiv.org/schemas/atom"/>
    <category term="math.RT" scheme="http://arxiv.org/schemas/atom"/>
  </entry>
  <entry>
    <id>http://arxiv.org/abs/1809.03466v1</id>
    <updated>2018-09-10T17:17:12Z</updated>
    <published>2018-09-10T17:17:12Z</published>
    <title>Classical structures of CP maps are all canonical</title>
    <summary>  We use purity, a principle borrowed from the foundations of quantum
information, to show that all isometric comonoids in the category
$\operatorname{CPM}\left(\operatorname{fHilb}\right)$ are necessarily pure. As
a corollary, we answer an open question about special dagger Frobenius algebras
(and classical structures in particular) in
$\operatorname{CPM}\left(\operatorname{fHilb}\right)$: we show that they are
all canonical, i.e. that they all arise by doubling of special dagger Frobenius
algebras from the category $\operatorname{fHilb}$.
</summary>
    <author>
      <name>Stefano Gogioso</name>
    </author>
    <link href="http://arxiv.org/abs/1809.03466v1" rel="alternate" type="text/html"/>
    <link title="pdf" href="http://arxiv.org/pdf/1809.03466v1" rel="related" type="application/pdf"/>
    <arxiv:primary_category xmlns:arxiv="http://arxiv.org/schemas/atom" term="quant-ph" scheme="http://arxiv.org/schemas/atom"/>
    <category term="quant-ph" scheme="http://arxiv.org/schemas/atom"/>
  </entry>
  <entry>
    <id>http://arxiv.org/abs/1902.04722v1</id>
    <updated>2019-02-13T03:06:47Z</updated>
    <published>2019-02-13T03:06:47Z</published>
    <title>Technical Report: All Principal Congruence Link Groups</title>
    <summary>  This is a technical report accompanying the paper "All Principal Congruence
Link Groups" (arXiv:1802.01275) classifying all principal congruence link
complements in S^3 by the same authors. It provides a complete overview of all
cases (d,I) that had to be considered, as well as describes the necessary
computations and computer programs written for the classification result.
</summary>
    <author>
      <name>Mark D. Baker</name>
    </author>
    <author>
      <name>Matthias Goerner</name>
    </author>
    <author>
      <name>Alan W. Reid</name>
    </author>
    <arxiv:comment xmlns:arxiv="http://arxiv.org/schemas/atom">60 pages, 31 tables, 15 figures</arxiv:comment>
    <link href="http://arxiv.org/abs/1902.04722v1" rel="alternate" type="text/html"/>
    <link title="pdf" href="http://arxiv.org/pdf/1902.04722v1" rel="related" type="application/pdf"/>
    <arxiv:primary_category xmlns:arxiv="http://arxiv.org/schemas/atom" term="math.GT" scheme="http://arxiv.org/schemas/atom"/>
    <category term="math.GT" scheme="http://arxiv.org/schemas/atom"/>
    <category term="57M25 (Primary), 20H10, 57M50 (Secondary)" scheme="http://arxiv.org/schemas/atom"/>
  </entry>
  <entry>
    <id>http://arxiv.org/abs/math/0407173v1</id>
    <updated>2004-07-09T22:11:08Z</updated>
    <published>2004-07-09T22:11:08Z</published>
    <title>Clones on infinite sets</title>
    <summary>  A clone on a set X is a set of finitary functions on X which contains the
projections and which is closed under composition. The set of all clones on X
forms a complete algebraic lattice Cl(X). We obtain several results on the
structure of Cl(X) for infinite X. In the first chapter we prove the
combinatorial result that if X is linearly ordered, then the median functions
of different arity defined by that order all generate the same clone. The
second chapter deals with clones containing the almost unary functions, that
is, all functions whose value is determined by one of its variables up to a
small set. We show that on X of regular cardinality, the set of such clones is
always a countably infinite descending chain. The third chapter generalizes a
result due to L. Heindorf from the countable to all uncountable X of regular
cardinality, resulting in an explicit list of all clones containing the
permutations but not all unary functions of X. Moreover, all maximal submonoids
of the full transformation monoid which contain the permutations of X are
determined, on all infinite X; this is an extension of a theorem by G. Gavrilov
for countable base sets.
</summary>
    <author>
      <name>Michael Pinsker</name>
    </author>
    <arxiv:comment xmlns:arxiv="http://arxiv.org/schemas/atom">70 pages; Dissertation written at the Vienna University of Technology
  under the supervision of Martin Goldstern; essentially consists of the
  author's papers "The clone generated by the median functions", "Clones
  containing all almost unary functions, "Maximal clones on uncountable sets
  that include all permutations" which are all available from arXiv</arxiv:comment>
    <link href="http://arxiv.org/abs/math/0407173v1" rel="alternate" type="text/html"/>
    <link title="pdf" href="http://arxiv.org/pdf/math/0407173v1" rel="related" type="application/pdf"/>
    <arxiv:primary_category xmlns:arxiv="http://arxiv.org/schemas/atom" term="math.RA" scheme="http://arxiv.org/schemas/atom"/>
    <category term="math.RA" scheme="http://arxiv.org/schemas/atom"/>
    <category term="math.LO" scheme="http://arxiv.org/schemas/atom"/>
    <category term="08A40; 08A05" scheme="http://arxiv.org/schemas/atom"/>
  </entry>
  <entry>
    <id>http://arxiv.org/abs/1611.00787v3</id>
    <updated>2017-03-20T18:10:54Z</updated>
    <published>2016-11-02T20:19:42Z</published>
    <title>On WZ and RR Couplings of BPS Branes and their all order $α'$
  Corrections in IIB, IIA</title>
    <summary>  We compute all three and four point couplings of BPS $D_{p}$-branes for all
different nonzero $p$-values on the entire world volume and transverse
directions. We start finding out all four point function supersymmetric
Wess-Zumino (WZ) actions of one closed string Ramond-Ramond (RR) field with two
fermions, either with the same (IIB) or different chirality (IIA) as well as
their all order $\alpha'$ corrections. The closed form of S-matrices of two
closed string RR in both IIB, IIA, including their all order $\alpha'$
corrections have also been addressed. Our results confirm that, not only the
structures of $\alpha'$ corrections but also their coefficients of IIB are
quite different from their IIA ones.
  The S-matrix of an RR and two gauge (scalar) fields and their all order
corrections in antisymmetric picture of RR have been carried out as well.
Various remarks on the restricted Bianchi identities as well as all order
$\alpha'$ corrections to all different supersymmetric WZ couplings in both type
IIA and IIB superstring theory are also released. Lastly, different singularity
structures as well as all order contact terms for all non-vanishing traces in
type II have also been constructed.
</summary>
    <author>
      <name>Ehsan Hatefi</name>
    </author>
    <arxiv:doi xmlns:arxiv="http://arxiv.org/schemas/atom">10.1016/j.physletb.2016.12.065</arxiv:doi>
    <link title="doi" href="http://dx.doi.org/10.1016/j.physletb.2016.12.065" rel="related"/>
    <arxiv:comment xmlns:arxiv="http://arxiv.org/schemas/atom">19 pages,V3: Clarifications on 4-point functions are added, Published
  in PLB</arxiv:comment>
    <arxiv:journal_ref xmlns:arxiv="http://arxiv.org/schemas/atom">Phys.Lett. B766 (2017) 153-161</arxiv:journal_ref>
    <link href="http://arxiv.org/abs/1611.00787v3" rel="alternate" type="text/html"/>
    <link title="pdf" href="http://arxiv.org/pdf/1611.00787v3" rel="related" type="application/pdf"/>
    <arxiv:primary_category xmlns:arxiv="http://arxiv.org/schemas/atom" term="hep-th" scheme="http://arxiv.org/schemas/atom"/>
    <category term="hep-th" scheme="http://arxiv.org/schemas/atom"/>
    <category term="gr-qc" scheme="http://arxiv.org/schemas/atom"/>
    <category term="math-ph" scheme="http://arxiv.org/schemas/atom"/>
    <category term="math.MP" scheme="http://arxiv.org/schemas/atom"/>
  </entry>
  <entry>
    <id>http://arxiv.org/abs/dg-ga/9407006v1</id>
    <updated>1994-07-18T08:06:22Z</updated>
    <published>1994-07-18T08:06:22Z</published>
    <title>All regulators of flat bundles are torsion</title>
    <summary>  I prove the Bloch conjecture:all secondary characteristic classes of flat
bundles over complex projective varietes are torsion, except the first.
</summary>
    <author>
      <name>Alexander Reznikov</name>
    </author>
    <arxiv:comment xmlns:arxiv="http://arxiv.org/schemas/atom">to appear in Annals of Math</arxiv:comment>
    <link href="http://arxiv.org/abs/dg-ga/9407006v1" rel="alternate" type="text/html"/>
    <link title="pdf" href="http://arxiv.org/pdf/dg-ga/9407006v1" rel="related" type="application/pdf"/>
    <arxiv:primary_category xmlns:arxiv="http://arxiv.org/schemas/atom" term="dg-ga" scheme="http://arxiv.org/schemas/atom"/>
    <category term="dg-ga" scheme="http://arxiv.org/schemas/atom"/>
    <category term="math.DG" scheme="http://arxiv.org/schemas/atom"/>
  </entry>
  <entry>
    <id>http://arxiv.org/abs/hep-ph/0504042v1</id>
    <updated>2005-04-06T10:59:05Z</updated>
    <published>2005-04-06T10:59:05Z</published>
    <title>Strong interactions at all density</title>
    <summary>  We show using Mean Field Theory that the phase diagram of QCD at finite
density (T=0) is such that chiral symmetry remains spontaeously broken at all
density!
</summary>
    <author>
      <name>Vikram Soni</name>
    </author>
    <arxiv:comment xmlns:arxiv="http://arxiv.org/schemas/atom">7 pages, no figure</arxiv:comment>
    <link href="http://arxiv.org/abs/hep-ph/0504042v1" rel="alternate" type="text/html"/>
    <link title="pdf" href="http://arxiv.org/pdf/hep-ph/0504042v1" rel="related" type="application/pdf"/>
    <arxiv:primary_category xmlns:arxiv="http://arxiv.org/schemas/atom" term="hep-ph" scheme="http://arxiv.org/schemas/atom"/>
    <category term="hep-ph" scheme="http://arxiv.org/schemas/atom"/>
  </entry>
  <entry>
    <id>http://arxiv.org/abs/math/0207087v1</id>
    <updated>2002-07-10T17:00:15Z</updated>
    <published>2002-07-10T17:00:15Z</published>
    <title>Higher Order Invariants of Immersions of Surfaces into 3-Space</title>
    <summary>  We classify all finite order invariants of immersions of a closed orientable
surface into R^3, with values in any Abelian group. We show that they are all
functions of order one invariants.
</summary>
    <author>
      <name>Tahl Nowik</name>
    </author>
    <link href="http://arxiv.org/abs/math/0207087v1" rel="alternate" type="text/html"/>
    <link title="pdf" href="http://arxiv.org/pdf/math/0207087v1" rel="related" type="application/pdf"/>
    <arxiv:primary_category xmlns:arxiv="http://arxiv.org/schemas/atom" term="math.GT" scheme="http://arxiv.org/schemas/atom"/>
    <category term="math.GT" scheme="http://arxiv.org/schemas/atom"/>
  </entry>
  <entry>
    <id>http://arxiv.org/abs/math/0212040v1</id>
    <updated>2002-12-03T16:17:58Z</updated>
    <published>2002-12-03T16:17:58Z</published>
    <title>On polynomials orthogonal to all powers of a Chebyshev polynomial on a
  segment</title>
    <summary>  In this paper we describe polynomials orthogonal to all powers of a Chebyshev
polynomial on a segment.
</summary>
    <author>
      <name>Fedor Pakovich</name>
    </author>
    <arxiv:comment xmlns:arxiv="http://arxiv.org/schemas/atom">6 pages, 1 figure</arxiv:comment>
    <link href="http://arxiv.org/abs/math/0212040v1" rel="alternate" type="text/html"/>
    <link title="pdf" href="http://arxiv.org/pdf/math/0212040v1" rel="related" type="application/pdf"/>
    <arxiv:primary_category xmlns:arxiv="http://arxiv.org/schemas/atom" term="math.CV" scheme="http://arxiv.org/schemas/atom"/>
    <category term="math.CV" scheme="http://arxiv.org/schemas/atom"/>
    <category term="math.DS" scheme="http://arxiv.org/schemas/atom"/>
    <category term="30E99; 34C99" scheme="http://arxiv.org/schemas/atom"/>
  </entry>
  <entry>
    <id>http://arxiv.org/abs/math/0501026v1</id>
    <updated>2005-01-02T20:58:25Z</updated>
    <published>2005-01-02T20:58:25Z</published>
    <title>Symmetric Bush-type Hadamard matrices of order $4m^4$ exist for all odd
  $m$</title>
    <summary>  Using reversible Hadamard difference sets, we construct symmetric Bush-type
Hadamard matrices of order $4m^4$ for all odd integer $m$.
</summary>
    <author>
      <name>Mikhail Muzychuk</name>
    </author>
    <author>
      <name>Qing Xiang</name>
    </author>
    <link href="http://arxiv.org/abs/math/0501026v1" rel="alternate" type="text/html"/>
    <link title="pdf" href="http://arxiv.org/pdf/math/0501026v1" rel="related" type="application/pdf"/>
    <arxiv:primary_category xmlns:arxiv="http://arxiv.org/schemas/atom" term="math.CO" scheme="http://arxiv.org/schemas/atom"/>
    <category term="math.CO" scheme="http://arxiv.org/schemas/atom"/>
    <category term="05B10; 05B20" scheme="http://arxiv.org/schemas/atom"/>
  </entry>
  <entry>
    <id>http://arxiv.org/abs/math/0502070v1</id>
    <updated>2005-02-03T12:24:50Z</updated>
    <published>2005-02-03T12:24:50Z</published>
    <title>Classification of all Jacobian elliptic fibrations on certain K3
  surfaces</title>
    <summary>  In this paper we classify all configurations of singular fibers of elliptic
fibrations on the double cover of P^2 ramified along six lines in general
position.
</summary>
    <author>
      <name>Remke Kloosterman</name>
    </author>
    <link href="http://arxiv.org/abs/math/0502070v1" rel="alternate" type="text/html"/>
    <link title="pdf" href="http://arxiv.org/pdf/math/0502070v1" rel="related" type="application/pdf"/>
    <arxiv:primary_category xmlns:arxiv="http://arxiv.org/schemas/atom" term="math.AG" scheme="http://arxiv.org/schemas/atom"/>
    <category term="math.AG" scheme="http://arxiv.org/schemas/atom"/>
  </entry>
  <entry>
    <id>http://arxiv.org/abs/quant-ph/9812021v1</id>
    <updated>1998-12-10T00:42:29Z</updated>
    <published>1998-12-10T00:42:29Z</published>
    <title>All Optical Quantum Teleportation</title>
    <summary>  We propose an all optical, continuous variable, quantum teleportation scheme
based on optical parametric amplifiers.
</summary>
    <author>
      <name>T. C. Ralph</name>
    </author>
    <arxiv:doi xmlns:arxiv="http://arxiv.org/schemas/atom">10.1364/OL.=</arxiv:doi>
    <link title="doi" href="http://dx.doi.org/10.1364/OL.=" rel="related"/>
    <arxiv:comment xmlns:arxiv="http://arxiv.org/schemas/atom">5 pages, 3 figures</arxiv:comment>
    <arxiv:journal_ref xmlns:arxiv="http://arxiv.org/schemas/atom">Opt.Lett.24:348,1999</arxiv:journal_ref>
    <link href="http://arxiv.org/abs/quant-ph/9812021v1" rel="alternate" type="text/html"/>
    <link title="pdf" href="http://arxiv.org/pdf/quant-ph/9812021v1" rel="related" type="application/pdf"/>
    <arxiv:primary_category xmlns:arxiv="http://arxiv.org/schemas/atom" term="quant-ph" scheme="http://arxiv.org/schemas/atom"/>
    <category term="quant-ph" scheme="http://arxiv.org/schemas/atom"/>
  </entry>
  <entry>
    <id>http://arxiv.org/abs/0705.3903v1</id>
    <updated>2007-05-26T17:16:43Z</updated>
    <published>2007-05-26T17:16:43Z</published>
    <title>The Self-injective Cluster Tilted Algebras</title>
    <summary>  We are going to determine all the self-injective cluster tilted algebras. All
are of finite representation type and special biserial.
</summary>
    <author>
      <name>Claus Michael Ringel</name>
    </author>
    <link href="http://arxiv.org/abs/0705.3903v1" rel="alternate" type="text/html"/>
    <link title="pdf" href="http://arxiv.org/pdf/0705.3903v1" rel="related" type="application/pdf"/>
    <arxiv:primary_category xmlns:arxiv="http://arxiv.org/schemas/atom" term="math.RT" scheme="http://arxiv.org/schemas/atom"/>
    <category term="math.RT" scheme="http://arxiv.org/schemas/atom"/>
    <category term="math.CO" scheme="http://arxiv.org/schemas/atom"/>
  </entry>
  <entry>
    <id>http://arxiv.org/abs/0710.3571v1</id>
    <updated>2007-10-18T18:14:33Z</updated>
    <published>2007-10-18T18:14:33Z</published>
    <title>Group Theoretical Construction of Nucleon Operators using All-to-All
  Quark Propagators</title>
    <summary>  We describe a method to construct irreducible baryon operators using
all-to-all quark propagators. It was demonstrated earlier that a large basis of
extended baryon operators on anisotropic, quenched lattices can be used to
reliably extract the masses of 5 or more excited states in the nucleon channel.
All-to-all quark propagators are expected to be needed when studying these
excited states on light, dynamical configurations because contributions from
multi-particle states are expected to be significant. The dilution method is
used to approximate the all-to-all quark propagators. Low-lying eigenmodes can
also be used if necessary. For efficient computation of matrix elements of the
interpolating operators, the algorithms should exploit the fact that many
extended baryon operators can be obtained from the different linear
combinations of three-quark colour-singlet operators. The sparseness of the
diluted noise vectors also afford several computation simplifications. Some
preliminary results are presented for nucleon effective masses.
</summary>
    <author>
      <name>R. G. Edwards</name>
    </author>
    <author>
      <name>G. T. Fleming</name>
    </author>
    <author>
      <name>B. Joo</name>
    </author>
    <author>
      <name>K. J. Juge</name>
    </author>
    <author>
      <name>A. Lichtl</name>
    </author>
    <author>
      <name>C. J. Morningstar</name>
    </author>
    <author>
      <name>D. G. Richards</name>
    </author>
    <author>
      <name>S. J. Wallace</name>
    </author>
    <arxiv:comment xmlns:arxiv="http://arxiv.org/schemas/atom">7 pages, 6 figures, talk presented at the XXV International Symposium
  on Lattice Field Theory, July 30 - August 4, 2007, Regensburg, Germany</arxiv:comment>
    <arxiv:journal_ref xmlns:arxiv="http://arxiv.org/schemas/atom">PoS LAT2007:108,2007</arxiv:journal_ref>
    <link href="http://arxiv.org/abs/0710.3571v1" rel="alternate" type="text/html"/>
    <link title="pdf" href="http://arxiv.org/pdf/0710.3571v1" rel="related" type="application/pdf"/>
    <arxiv:primary_category xmlns:arxiv="http://arxiv.org/schemas/atom" term="hep-lat" scheme="http://arxiv.org/schemas/atom"/>
    <category term="hep-lat" scheme="http://arxiv.org/schemas/atom"/>
  </entry>
  <entry>
    <id>http://arxiv.org/abs/0908.2106v1</id>
    <updated>2009-08-14T17:14:42Z</updated>
    <published>2009-08-14T17:14:42Z</published>
    <title>Supertranslations to all orders</title>
    <summary>  The transformation laws of the general linear superfield and chiral
superfields under N=1 supertranslations are tabulated to all orders in the
supertranslation parameters.
</summary>
    <author>
      <name>Rainer Dick</name>
    </author>
    <arxiv:doi xmlns:arxiv="http://arxiv.org/schemas/atom">10.4236/jmp.2010.11007</arxiv:doi>
    <link title="doi" href="http://dx.doi.org/10.4236/jmp.2010.11007" rel="related"/>
    <arxiv:comment xmlns:arxiv="http://arxiv.org/schemas/atom">14 pages</arxiv:comment>
    <link href="http://arxiv.org/abs/0908.2106v1" rel="alternate" type="text/html"/>
    <link title="pdf" href="http://arxiv.org/pdf/0908.2106v1" rel="related" type="application/pdf"/>
    <arxiv:primary_category xmlns:arxiv="http://arxiv.org/schemas/atom" term="math-ph" scheme="http://arxiv.org/schemas/atom"/>
    <category term="math-ph" scheme="http://arxiv.org/schemas/atom"/>
    <category term="math.MP" scheme="http://arxiv.org/schemas/atom"/>
  </entry>
  <entry>
    <id>http://arxiv.org/abs/1001.0804v1</id>
    <updated>2010-01-06T02:45:21Z</updated>
    <published>2010-01-06T02:45:21Z</published>
    <title>Affine images of Riemannian manifolds</title>
    <summary>  We describe all affine maps from a Riemannian manifold to a metric space and
all possible image spaces.
</summary>
    <author>
      <name>Alexander Lytchak</name>
    </author>
    <link href="http://arxiv.org/abs/1001.0804v1" rel="alternate" type="text/html"/>
    <link title="pdf" href="http://arxiv.org/pdf/1001.0804v1" rel="related" type="application/pdf"/>
    <arxiv:primary_category xmlns:arxiv="http://arxiv.org/schemas/atom" term="math.DG" scheme="http://arxiv.org/schemas/atom"/>
    <category term="math.DG" scheme="http://arxiv.org/schemas/atom"/>
    <category term="math.MG" scheme="http://arxiv.org/schemas/atom"/>
  </entry>
  <entry>
    <id>http://arxiv.org/abs/1003.2375v1</id>
    <updated>2010-03-11T17:55:17Z</updated>
    <published>2010-03-11T17:55:17Z</published>
    <title>A Formula For All K-Gonal Numbers that Are Centered</title>
    <summary>  Fix a positive integer k. In this paper, we give a formula in closed form for
all k-polygonal numbers that are also centered k-polygonal.
</summary>
    <author>
      <name>Jawad Sadek</name>
    </author>
    <author>
      <name>Russell Euler</name>
    </author>
    <arxiv:comment xmlns:arxiv="http://arxiv.org/schemas/atom">6v pages, preprint.</arxiv:comment>
    <link href="http://arxiv.org/abs/1003.2375v1" rel="alternate" type="text/html"/>
    <link title="pdf" href="http://arxiv.org/pdf/1003.2375v1" rel="related" type="application/pdf"/>
    <arxiv:primary_category xmlns:arxiv="http://arxiv.org/schemas/atom" term="math.NT" scheme="http://arxiv.org/schemas/atom"/>
    <category term="math.NT" scheme="http://arxiv.org/schemas/atom"/>
    <category term="97F60" scheme="http://arxiv.org/schemas/atom"/>
  </entry>
  <entry>
    <id>http://arxiv.org/abs/1008.4081v1</id>
    <updated>2010-08-24T16:15:25Z</updated>
    <published>2010-08-24T16:15:25Z</published>
    <title>A Generic Margulis Number for Hyperbolic 3-Manifolds</title>
    <summary>  We show that 0.29 is a Margulis number for all but finitely many hyperbolic
3-manifolds. The finitely many exceptions are all closed.
</summary>
    <author>
      <name>Peter B. Shalen</name>
    </author>
    <arxiv:comment xmlns:arxiv="http://arxiv.org/schemas/atom">7 pages, no figures</arxiv:comment>
    <link href="http://arxiv.org/abs/1008.4081v1" rel="alternate" type="text/html"/>
    <link title="pdf" href="http://arxiv.org/pdf/1008.4081v1" rel="related" type="application/pdf"/>
    <arxiv:primary_category xmlns:arxiv="http://arxiv.org/schemas/atom" term="math.DG" scheme="http://arxiv.org/schemas/atom"/>
    <category term="math.DG" scheme="http://arxiv.org/schemas/atom"/>
    <category term="math.GT" scheme="http://arxiv.org/schemas/atom"/>
    <category term="53" scheme="http://arxiv.org/schemas/atom"/>
  </entry>
  <entry>
    <id>http://arxiv.org/abs/1103.3983v2</id>
    <updated>2012-12-27T02:01:16Z</updated>
    <published>2011-03-21T11:37:04Z</published>
    <title>Simplified existence theorems on all fractional [a,b]-factors</title>
    <summary>  Let $G$ be a graph with order $n$ and let $g, f : V (G)\rightarrow N$ such
that $g(v)\leq f(v)$ for all $v\in V(G)$. We say that $G$ has all fractional
$(g, f)$-factors if $G$ has a fractional $p$-factor for every $p: V
(G)\rightarrow N$ such that $g(v)\leq p(v)\leq f (v)$ for every $v\in V(G)$.
Let $a&lt;b$ be two positive integers. %and $G$ \textbf{a graph} of order $n$
sufficiently large %for $a$ and $b$. If $g\equiv a$, $f\equiv b$ and $G$ has
all fractional $(g,f)$-factors, then we say that $G$ has all fractional
$[a,b]$-factors. Suppose that $n$ is sufficiently large for $a$ and $b$.
  This paper contains two results on the existence of all $(g,f)$-factors of
graphs. First, we derive from Anstee's fractional $(g,f)$-factor theorem a
similar characterization for the property of all fractional $(g,f)$-factors.
Second, we show that $G$ has all fractional $[a, b]$-factors if the minimum
degree is at least $\frac{1}{4a}((a+b-1)^2+4b)$ and every pair of nonadjacent
vertices has cardinality of the neighborhood union at least $bn/(a + b)$. These
lower bounds are sharp.
</summary>
    <author>
      <name>Hongliang Lu</name>
    </author>
    <link href="http://arxiv.org/abs/1103.3983v2" rel="alternate" type="text/html"/>
    <link title="pdf" href="http://arxiv.org/pdf/1103.3983v2" rel="related" type="application/pdf"/>
    <arxiv:primary_category xmlns:arxiv="http://arxiv.org/schemas/atom" term="math.CO" scheme="http://arxiv.org/schemas/atom"/>
    <category term="math.CO" scheme="http://arxiv.org/schemas/atom"/>
  </entry>
  <entry>
    <id>http://arxiv.org/abs/1409.1423v1</id>
    <updated>2014-09-04T12:34:14Z</updated>
    <published>2014-09-04T12:34:14Z</published>
    <title>The Jacobian Conjecture for the space of all the inner functions</title>
    <summary>  We prove the Jacobian Conjecture for the space of all the inner functions in
the unit disc.
</summary>
    <author>
      <name>Ronen Peretz</name>
    </author>
    <link href="http://arxiv.org/abs/1409.1423v1" rel="alternate" type="text/html"/>
    <link title="pdf" href="http://arxiv.org/pdf/1409.1423v1" rel="related" type="application/pdf"/>
    <arxiv:primary_category xmlns:arxiv="http://arxiv.org/schemas/atom" term="math.CV" scheme="http://arxiv.org/schemas/atom"/>
    <category term="math.CV" scheme="http://arxiv.org/schemas/atom"/>
  </entry>
  <entry>
    <id>http://arxiv.org/abs/1409.7325v1</id>
    <updated>2014-09-25T16:57:45Z</updated>
    <published>2014-09-25T16:57:45Z</published>
    <title>All finitely presented groups are QSF</title>
    <summary>  This is the third and last of three papers containing the complete proof that
all finitely presented groups are QSF.
</summary>
    <author>
      <name>Valentin Poenaru</name>
    </author>
    <arxiv:comment xmlns:arxiv="http://arxiv.org/schemas/atom">57 pages</arxiv:comment>
    <link href="http://arxiv.org/abs/1409.7325v1" rel="alternate" type="text/html"/>
    <link title="pdf" href="http://arxiv.org/pdf/1409.7325v1" rel="related" type="application/pdf"/>
    <arxiv:primary_category xmlns:arxiv="http://arxiv.org/schemas/atom" term="math.GT" scheme="http://arxiv.org/schemas/atom"/>
    <category term="math.GT" scheme="http://arxiv.org/schemas/atom"/>
  </entry>
  <entry>
    <id>http://arxiv.org/abs/1412.4600v1</id>
    <updated>2014-12-15T14:14:05Z</updated>
    <published>2014-12-15T14:14:05Z</published>
    <title>How to construct a closed subscheme, or a coherent subsheaf, with
  prescribed germs</title>
    <summary>  We show that a closed subscheme of a given locally noetherian scheme can be
constructed by prescribing it germs at all points of the ambient scheme in a
manner consistent with specialization of points, provided the resulting set of
all associated points of all the germs is locally finite. More generally, we
prove a similar result for constructing a coherent subsheaf of a coherent sheaf
by prescribing its stalks at all points in a manner consistent with
specializations of points, again provided the set of all associated points of
all the corresponding local quotients is locally finite.
  On any locally noetherian scheme, we show that there exists a unique global
section of any coherent sheaf which has a prescribed family of germs which is
consistent with specialization of points.
  It is not clear how to formulate an analogous result for constructing a
coherent sheaf in terms of prescribed stalks. Even when the set of all
associated points of all the prescribed stalks is locally finite, such a
construction need not succeed as we show with an example. This raises the
question of how to set up effective descent data for coherent sheaves purely in
terms of germs and their specializations.
</summary>
    <author>
      <name>Nitin Nitsure</name>
    </author>
    <arxiv:comment xmlns:arxiv="http://arxiv.org/schemas/atom">7 pages</arxiv:comment>
    <link href="http://arxiv.org/abs/1412.4600v1" rel="alternate" type="text/html"/>
    <link title="pdf" href="http://arxiv.org/pdf/1412.4600v1" rel="related" type="application/pdf"/>
    <arxiv:primary_category xmlns:arxiv="http://arxiv.org/schemas/atom" term="math.AG" scheme="http://arxiv.org/schemas/atom"/>
    <category term="math.AG" scheme="http://arxiv.org/schemas/atom"/>
    <category term="math.AC" scheme="http://arxiv.org/schemas/atom"/>
    <category term="14A15, 14B99" scheme="http://arxiv.org/schemas/atom"/>
  </entry>
  <entry>
    <id>http://arxiv.org/abs/1509.02087v1</id>
    <updated>2015-09-07T15:47:11Z</updated>
    <published>2015-09-07T15:47:11Z</published>
    <title>What is the minimal cardinal of a family which shatters all d-subsets of
  a finite set?</title>
    <summary>  What is the minimal cardinal of a family which shatters all d-subsets of a
finite set?
</summary>
    <author>
      <name>N. Chevallier</name>
      <arxiv:affiliation xmlns:arxiv="http://arxiv.org/schemas/atom">LMIA</arxiv:affiliation>
    </author>
    <author>
      <name>A. Fruchard</name>
      <arxiv:affiliation xmlns:arxiv="http://arxiv.org/schemas/atom">LMIA</arxiv:affiliation>
    </author>
    <link href="http://arxiv.org/abs/1509.02087v1" rel="alternate" type="text/html"/>
    <link title="pdf" href="http://arxiv.org/pdf/1509.02087v1" rel="related" type="application/pdf"/>
    <arxiv:primary_category xmlns:arxiv="http://arxiv.org/schemas/atom" term="math.CO" scheme="http://arxiv.org/schemas/atom"/>
    <category term="math.CO" scheme="http://arxiv.org/schemas/atom"/>
  </entry>
  <entry>
    <id>http://arxiv.org/abs/1608.05174v1</id>
    <updated>2016-08-18T04:51:38Z</updated>
    <published>2016-08-18T04:51:38Z</published>
    <title>Scaling Distributed All-Pairs Algorithms: Manage Computation and Limit
  Data Replication with Quorums</title>
    <summary>  In this paper we propose and prove that cyclic quorum sets can efficiently
manage all-pairs computations and data replication. The quorums are
O(N/sqrt(P)) in size, up to 50% smaller than the dual N/sqrt(P) array
implementations, and significantly smaller than solutions requiring all data.
Implementation evaluation demonstrated scalability on real datasets with a 7x
speed up on 8 nodes with 1/3rd the memory usage per process. The all-pairs
problem requires all data elements to be paired with all other data elements.
These all-pair problems occur in many science fields, which has led to their
continued interest. Additionally, as datasets grow in size, new methods like
these that can reduce memory footprints and distribute work equally across
compute nodes will be demanded.
</summary>
    <author>
      <name>Cory J. Kleinheksel</name>
    </author>
    <author>
      <name>Arun K. Somani</name>
    </author>
    <arxiv:doi xmlns:arxiv="http://arxiv.org/schemas/atom">10.1007/978-981-10-0557-2_25</arxiv:doi>
    <link title="doi" href="http://dx.doi.org/10.1007/978-981-10-0557-2_25" rel="related"/>
    <arxiv:comment xmlns:arxiv="http://arxiv.org/schemas/atom">Chapter Information Science and Applications (ICISA) 2016 Volume 376
  of the series Lecture Notes in Electrical Engineering pp 247-257 Date: 16
  February 2016</arxiv:comment>
    <arxiv:journal_ref xmlns:arxiv="http://arxiv.org/schemas/atom">Kleinheksel, Cory J., and Arun K. Somani. "Scaling Distributed
  All-Pairs Algorithms." Information Science and Applications (ICISA) 2016.
  Springer Singapore, 2016. 247-257</arxiv:journal_ref>
    <link href="http://arxiv.org/abs/1608.05174v1" rel="alternate" type="text/html"/>
    <link title="pdf" href="http://arxiv.org/pdf/1608.05174v1" rel="related" type="application/pdf"/>
    <arxiv:primary_category xmlns:arxiv="http://arxiv.org/schemas/atom" term="cs.DC" scheme="http://arxiv.org/schemas/atom"/>
    <category term="cs.DC" scheme="http://arxiv.org/schemas/atom"/>
  </entry>
  <entry>
    <id>http://arxiv.org/abs/1309.5687v1</id>
    <updated>2013-09-23T03:00:58Z</updated>
    <published>2013-09-23T03:00:58Z</published>
    <title>Combining All Pairs Shortest Paths and All Pairs Bottleneck Paths
  Problems</title>
    <summary>  We introduce a new problem that combines the well known All Pairs Shortest
Paths (APSP) problem and the All Pairs Bottleneck Paths (APBP) problem to
compute the shortest paths for all pairs of vertices for all possible flow
amounts. We call this new problem the All Pairs Shortest Paths for All Flows
(APSP-AF) problem. We firstly solve the APSP-AF problem on directed graphs with
unit edge costs and real edge capacities in
$\tilde{O}(\sqrt{t}n^{(\omega+9)/4}) = \tilde{O}(\sqrt{t}n^{2.843})$ time,
where $n$ is the number of vertices, $t$ is the number of distinct edge
capacities (flow amounts) and $O(n^{\omega}) &lt; O(n^{2.373})$ is the time taken
to multiply two $n$-by-$n$ matrices over a ring. Secondly we extend the problem
to graphs with positive integer edge costs and present an algorithm with
$\tilde{O}(\sqrt{t}c^{(\omega+5)/4}n^{(\omega+9)/4}) =
\tilde{O}(\sqrt{t}c^{1.843}n^{2.843})$ worst case time complexity, where $c$ is
the upper bound on edge costs.
</summary>
    <author>
      <name>Tong-Wook Shinn</name>
    </author>
    <author>
      <name>Tadao Takaoka</name>
    </author>
    <link href="http://arxiv.org/abs/1309.5687v1" rel="alternate" type="text/html"/>
    <link title="pdf" href="http://arxiv.org/pdf/1309.5687v1" rel="related" type="application/pdf"/>
    <arxiv:primary_category xmlns:arxiv="http://arxiv.org/schemas/atom" term="cs.DS" scheme="http://arxiv.org/schemas/atom"/>
    <category term="cs.DS" scheme="http://arxiv.org/schemas/atom"/>
  </entry>
  <entry>
    <id>http://arxiv.org/abs/1401.5728v1</id>
    <updated>2014-01-22T16:48:51Z</updated>
    <published>2014-01-22T16:48:51Z</published>
    <title>B(G) for all local and global fields</title>
    <summary>  Generalizing earlier results concerning p-adic fields, this paper develops a
theory of B(G) for all local and global fields.
</summary>
    <author>
      <name>Robert Kottwitz</name>
    </author>
    <arxiv:comment xmlns:arxiv="http://arxiv.org/schemas/atom">94 pages</arxiv:comment>
    <link href="http://arxiv.org/abs/1401.5728v1" rel="alternate" type="text/html"/>
    <link title="pdf" href="http://arxiv.org/pdf/1401.5728v1" rel="related" type="application/pdf"/>
    <arxiv:primary_category xmlns:arxiv="http://arxiv.org/schemas/atom" term="math.RT" scheme="http://arxiv.org/schemas/atom"/>
    <category term="math.RT" scheme="http://arxiv.org/schemas/atom"/>
    <category term="math.NT" scheme="http://arxiv.org/schemas/atom"/>
    <category term="11S25" scheme="http://arxiv.org/schemas/atom"/>
  </entry>
  <entry>
    <id>http://arxiv.org/abs/1501.06523v1</id>
    <updated>2015-01-26T18:51:34Z</updated>
    <published>2015-01-26T18:51:34Z</published>
    <title>Deduction modulo theory</title>
    <summary>  This paper is a survey on Deduction modulo theory
</summary>
    <author>
      <name>Gilles Dowek</name>
      <arxiv:affiliation xmlns:arxiv="http://arxiv.org/schemas/atom">INRIA Paris-Rocquencourt</arxiv:affiliation>
    </author>
    <arxiv:journal_ref xmlns:arxiv="http://arxiv.org/schemas/atom">All about proofs. Proofs for all., Jul 2014, Wien, Austria</arxiv:journal_ref>
    <link href="http://arxiv.org/abs/1501.06523v1" rel="alternate" type="text/html"/>
    <link title="pdf" href="http://arxiv.org/pdf/1501.06523v1" rel="related" type="application/pdf"/>
    <arxiv:primary_category xmlns:arxiv="http://arxiv.org/schemas/atom" term="cs.LO" scheme="http://arxiv.org/schemas/atom"/>
    <category term="cs.LO" scheme="http://arxiv.org/schemas/atom"/>
  </entry>
  <entry>
    <id>http://arxiv.org/abs/1512.06981v1</id>
    <updated>2015-12-22T08:53:45Z</updated>
    <published>2015-12-22T08:53:45Z</published>
    <title>2 Category of FRBSU Monoidal Categories and Crossed Modules</title>
    <summary>  In that paper, we prove that the collection of all FRBSU monoidal categories
and the collection of all crossed modules form a 2 category.
</summary>
    <author>
      <name>Selcan Aksoy</name>
    </author>
    <link href="http://arxiv.org/abs/1512.06981v1" rel="alternate" type="text/html"/>
    <link title="pdf" href="http://arxiv.org/pdf/1512.06981v1" rel="related" type="application/pdf"/>
    <arxiv:primary_category xmlns:arxiv="http://arxiv.org/schemas/atom" term="math.CT" scheme="http://arxiv.org/schemas/atom"/>
    <category term="math.CT" scheme="http://arxiv.org/schemas/atom"/>
  </entry>
  <entry>
    <id>http://arxiv.org/abs/1601.04433v1</id>
    <updated>2016-01-18T09:14:00Z</updated>
    <published>2016-01-18T09:14:00Z</published>
    <title>Some algebraic equivalent forms of $\mathbb{R} \subseteq L$</title>
    <summary>  We study $\Sigma^1_2$ definable counterparts for some algebraic equivalent
forms of the Continuum Hypothesis. All turn out to be equivalent to "all reals
are constructible".
</summary>
    <author>
      <name>Silvia Steila</name>
    </author>
    <arxiv:comment xmlns:arxiv="http://arxiv.org/schemas/atom">16 pages</arxiv:comment>
    <link href="http://arxiv.org/abs/1601.04433v1" rel="alternate" type="text/html"/>
    <link title="pdf" href="http://arxiv.org/pdf/1601.04433v1" rel="related" type="application/pdf"/>
    <arxiv:primary_category xmlns:arxiv="http://arxiv.org/schemas/atom" term="math.LO" scheme="http://arxiv.org/schemas/atom"/>
    <category term="math.LO" scheme="http://arxiv.org/schemas/atom"/>
  </entry>
  <entry>
    <id>http://arxiv.org/abs/1607.05081v1</id>
    <updated>2016-06-24T07:19:07Z</updated>
    <published>2016-06-24T07:19:07Z</published>
    <title>Nonlinear differential algorithm to compute all the zeros of a generic
  polynomial</title>
    <summary>  A simple algorithm to compute all the zeros of a generic polynomial is
proposed.
</summary>
    <author>
      <name>Francesco Calogero</name>
    </author>
    <arxiv:doi xmlns:arxiv="http://arxiv.org/schemas/atom">10.1063/1.4960821</arxiv:doi>
    <link title="doi" href="http://dx.doi.org/10.1063/1.4960821" rel="related"/>
    <link href="http://arxiv.org/abs/1607.05081v1" rel="alternate" type="text/html"/>
    <link title="pdf" href="http://arxiv.org/pdf/1607.05081v1" rel="related" type="application/pdf"/>
    <arxiv:primary_category xmlns:arxiv="http://arxiv.org/schemas/atom" term="math.CA" scheme="http://arxiv.org/schemas/atom"/>
    <category term="math.CA" scheme="http://arxiv.org/schemas/atom"/>
    <category term="65HO4" scheme="http://arxiv.org/schemas/atom"/>
  </entry>
  <entry>
    <id>http://arxiv.org/abs/1612.02849v1</id>
    <updated>2016-12-08T21:36:49Z</updated>
    <published>2016-12-08T21:36:49Z</published>
    <title>Retracing Cantor's first steps in Brouwer's company</title>
    <summary>  We prove intuitionistic versions of the classical theorems saying that all
countable closed subsets of $[-\pi,\pi]$ and even all countable subsets of
$[-\pi,\pi]$ are sets of uniqueness.
</summary>
    <author>
      <name>Wim Veldman</name>
    </author>
    <link href="http://arxiv.org/abs/1612.02849v1" rel="alternate" type="text/html"/>
    <link title="pdf" href="http://arxiv.org/pdf/1612.02849v1" rel="related" type="application/pdf"/>
    <arxiv:primary_category xmlns:arxiv="http://arxiv.org/schemas/atom" term="math.LO" scheme="http://arxiv.org/schemas/atom"/>
    <category term="math.LO" scheme="http://arxiv.org/schemas/atom"/>
    <category term="03F55" scheme="http://arxiv.org/schemas/atom"/>
  </entry>
  <entry>
    <id>http://arxiv.org/abs/1707.09546v1</id>
    <updated>2017-07-29T18:05:33Z</updated>
    <published>2017-07-29T18:05:33Z</published>
    <title>The Separable Quotient Problem for Topological Groups</title>
    <summary>  The famous Banach-Mazur problem, which asks if every infinite-dimensional
Banach space has an infinite-dimensional separable quotient Banach space, has
remained unsolved for 85 years, though it has been answered in the affirmative
for reflexive Banach spaces and even Banach spaces which are duals. The
analogous problem for locally convex spaces has been answered in the negative,
but has been shown to be true for large classes of locally convex spaces
including all non-normable Fr\'echet spaces. In this paper the analogous
problem for topological groups is investigated. Indeed there are four natural
analogues: Does every non-totally disconnected topological group have a
separable quotient group which is (i) non-trivial; (ii) infinite; (iii)
metrizable; (iv) infinite metrizable. All four questions are answered here in
the negative. However, positive answers are proved for important classes of
topological groups including (a) all compact groups; (b) all locally compact
abelian groups; (c) all $\sigma$-compact locally compact groups; (d) all
abelian pro-Lie groups; (e) all $\sigma$-compact pro-Lie groups; (f) all
pseudocompact groups. Negative answers are proved for precompact groups.
</summary>
    <author>
      <name>Arkady G. Leiderman</name>
    </author>
    <author>
      <name>Sidney A. Morris</name>
    </author>
    <author>
      <name>Mikhail G. Tkachenko</name>
    </author>
    <arxiv:comment xmlns:arxiv="http://arxiv.org/schemas/atom">26 pages</arxiv:comment>
    <link href="http://arxiv.org/abs/1707.09546v1" rel="alternate" type="text/html"/>
    <link title="pdf" href="http://arxiv.org/pdf/1707.09546v1" rel="related" type="application/pdf"/>
    <arxiv:primary_category xmlns:arxiv="http://arxiv.org/schemas/atom" term="math.GN" scheme="http://arxiv.org/schemas/atom"/>
    <category term="math.GN" scheme="http://arxiv.org/schemas/atom"/>
    <category term="Primary 22A05, 54D65, Secondary 22D05, 46A03, 54B15" scheme="http://arxiv.org/schemas/atom"/>
  </entry>
  <entry>
    <id>http://arxiv.org/abs/1807.06090v1</id>
    <updated>2018-07-16T20:17:25Z</updated>
    <published>2018-07-16T20:17:25Z</published>
    <title>Subgroup growth of all Baumslag-Solitar groups</title>
    <summary>  This paper gives asymptotic formulas for the subgroup growth and maximal
subgroup growth of all Baumslag-Solitar groups.
</summary>
    <author>
      <name>Andrew James Kelley</name>
    </author>
    <arxiv:comment xmlns:arxiv="http://arxiv.org/schemas/atom">17 pages</arxiv:comment>
    <link href="http://arxiv.org/abs/1807.06090v1" rel="alternate" type="text/html"/>
    <link title="pdf" href="http://arxiv.org/pdf/1807.06090v1" rel="related" type="application/pdf"/>
    <arxiv:primary_category xmlns:arxiv="http://arxiv.org/schemas/atom" term="math.GR" scheme="http://arxiv.org/schemas/atom"/>
    <category term="math.GR" scheme="http://arxiv.org/schemas/atom"/>
  </entry>
  <entry>
    <id>http://arxiv.org/abs/1808.01455v2</id>
    <updated>2018-08-14T01:12:35Z</updated>
    <published>2018-08-04T09:13:33Z</published>
    <title>Magnetically tunable terahertz all-dielectric metamaterial based on
  liquid crystal</title>
    <summary>  All-dielectric metamaterials composed of high index and low loss dielectric
resonators have become a promising way for high-efficient optical devices.
However, fabricating terahertz all-dielectric metamaterials and actively tuning
their properties still remain challenges. In this paper, an effective method
has been developed to prepare high-quality microspheres based all-dielectric
metamaterial operating in terahertz (THz) range. Then, we propose a
magnetically tunable THz all-dielectric metamaterial based on liquid crystal
(LC). The all-dielectric metamaterial is immersed into LC and tuned by external
magnetic field. We show that the induced Mie resonances can be effectively
tuned by external magnetic field and the tunability is highly sensitive to the
directors of applied magnetic field. A good tunability performance is obtained
for the first electric resonance. This work provides a new method for
high-quality THz all-dielectric metamaterials and paves a promising way for
tunable THz all-dielectric metamaterial, which would find considerable
applications in THz devices.
</summary>
    <author>
      <name>Chuwen Lan</name>
    </author>
    <author>
      <name>Hailian Wu</name>
    </author>
    <author>
      <name>Daquan Yang</name>
    </author>
    <author>
      <name>Zehua Gao</name>
    </author>
    <arxiv:comment xmlns:arxiv="http://arxiv.org/schemas/atom">10 pages, 4figures</arxiv:comment>
    <link href="http://arxiv.org/abs/1808.01455v2" rel="alternate" type="text/html"/>
    <link title="pdf" href="http://arxiv.org/pdf/1808.01455v2" rel="related" type="application/pdf"/>
    <arxiv:primary_category xmlns:arxiv="http://arxiv.org/schemas/atom" term="physics.optics" scheme="http://arxiv.org/schemas/atom"/>
    <category term="physics.optics" scheme="http://arxiv.org/schemas/atom"/>
  </entry>
  <entry>
    <id>http://arxiv.org/abs/1809.01130v1</id>
    <updated>2018-09-04T04:57:33Z</updated>
    <published>2018-09-04T04:57:33Z</published>
    <title>Nash equilibrium in asymmetric multi-players zero-sum game with two
  strategic variables and only one alien</title>
    <summary>  We consider a partially asymmetric multi-players zero-sum game with two
strategic variables. All but one players have the same payoff functions, and
one player (Player $n$) does not. Two strategic variables are $t_i$'s and
$s_i$'s for each player $i$. Mainly we will show the following results. 1) The
equilibrium when all players choose $t_i$'s is equivalent to the equilibrium
when all but one players choose $t_i$'s and Player $n$ chooses $s_n$ as their
strategic variables. 2) The equilibrium when all players choose $s_i$'s is
equivalent to the equilibrium when all but one players choose $s_i$'s and
Player $n$ chooses $t_n$ as their strategic variables. The equilibrium when all
players choose $t_i$'s and the equilibrium when all players choose $s_i$'s are
not equivalent although they are equivalent in a symmetric game in which all
players have the same payoff functions.
</summary>
    <author>
      <name>Atsuhiro Satoh</name>
    </author>
    <author>
      <name>Yasuhito Tanaka</name>
    </author>
    <arxiv:comment xmlns:arxiv="http://arxiv.org/schemas/atom">14 pages. arXiv admin note: text overlap with arXiv:1806.07203</arxiv:comment>
    <link href="http://arxiv.org/abs/1809.01130v1" rel="alternate" type="text/html"/>
    <link title="pdf" href="http://arxiv.org/pdf/1809.01130v1" rel="related" type="application/pdf"/>
    <arxiv:primary_category xmlns:arxiv="http://arxiv.org/schemas/atom" term="math.OC" scheme="http://arxiv.org/schemas/atom"/>
    <category term="math.OC" scheme="http://arxiv.org/schemas/atom"/>
    <category term="cs.GT" scheme="http://arxiv.org/schemas/atom"/>
    <category term="91A10" scheme="http://arxiv.org/schemas/atom"/>
  </entry>
  <entry>
    <id>http://arxiv.org/abs/1810.12105v1</id>
    <updated>2018-10-26T00:59:13Z</updated>
    <published>2018-10-26T00:59:13Z</published>
    <title>Estimating grouped data models with a binary dependent variable and
  fixed effect via logit vs OLS: the impact of dropped units</title>
    <summary>  This letter deals with a very simple issue: if we have grouped data with a
binary dependent variable and want to include fixed effects (group specific
intercepts) in the specification, is Ordinary Least Squares (OLS) in any way
superior to a logit form because the OLS method \emph{appears} to keep all
observations whereas the logit drops all groups which have either all zeros or
all ones on the dependent variable? It is shown that OLS averages the estimates
for the all zero (and all one) groups, which by definition have all slope
coefficients of zero, with the slope coefficients for the groups with a mix of
zeros and ones. Thus the correct comparison of OLS to logit is to only look at
groups with some variation in the dependent variable. Researchers using OLS are
urged to report results both for all groups and for the subset of groups where
the dependent variable varies. The interpretation of the difference between
these two results depends upon assumptions which cannot be empirically
assessed.
</summary>
    <author>
      <name>Nathaniel Beck</name>
    </author>
    <arxiv:comment xmlns:arxiv="http://arxiv.org/schemas/atom">arXiv admin note: substantial text overlap with arXiv:1809.06505</arxiv:comment>
    <link href="http://arxiv.org/abs/1810.12105v1" rel="alternate" type="text/html"/>
    <link title="pdf" href="http://arxiv.org/pdf/1810.12105v1" rel="related" type="application/pdf"/>
    <arxiv:primary_category xmlns:arxiv="http://arxiv.org/schemas/atom" term="stat.AP" scheme="http://arxiv.org/schemas/atom"/>
    <category term="stat.AP" scheme="http://arxiv.org/schemas/atom"/>
  </entry>
  <entry>
    <id>http://arxiv.org/abs/1905.08936v1</id>
    <updated>2019-05-22T03:34:15Z</updated>
    <published>2019-05-22T03:34:15Z</published>
    <title>Almost all permutations power to a cycle of prime length</title>
    <summary>  We show that almost all permutations have some power that is a cycle of prime
length.
</summary>
    <author>
      <name>William R. Unger</name>
    </author>
    <arxiv:comment xmlns:arxiv="http://arxiv.org/schemas/atom">6 pages</arxiv:comment>
    <link href="http://arxiv.org/abs/1905.08936v1" rel="alternate" type="text/html"/>
    <link title="pdf" href="http://arxiv.org/pdf/1905.08936v1" rel="related" type="application/pdf"/>
    <arxiv:primary_category xmlns:arxiv="http://arxiv.org/schemas/atom" term="math.GR" scheme="http://arxiv.org/schemas/atom"/>
    <category term="math.GR" scheme="http://arxiv.org/schemas/atom"/>
  </entry>
  <entry>
    <id>http://arxiv.org/abs/1906.05263v2</id>
    <updated>2019-06-15T17:28:33Z</updated>
    <published>2019-06-12T17:44:23Z</published>
    <title>Multicolor Ramsey numbers of cycles in Gallai colorings</title>
    <summary>  For a graph $H$ and an integer $k\ge1$, the $k$-color Ramsey number $R_k(H)$
is the least integer $N$ such that every $k$-coloring of the edges of the
complete graph $K_N$ contains a monochromatic copy of $H$. Let $C_m$ denote the
cycle on $m\ge4 $ vertices. For odd cycles, Bondy and Erd\H{o}s [Ramsey numbers
for cycles in graphs, J. Combin. Theory, Ser. B 14 (1973) 46--54] conjectured
that for all $k\ge1$ and $n\ge2$, $R_k(C_{2n+1})=n\cdot 2^k+1.$ Recently, this
conjecture has been verified to be true for all fixed $k$ and all $n$
sufficiently large by Jenssen and Skokan; and false for all fixed $n$ and all
$k$ sufficiently large by Day and Johnson. In this paper, we first prove that
the aforementioned conjecture of Bondy and Erd\H{o}s holds for all $k$ and all
$n$ under Gallai colorings, where a Gallai coloring is a coloring of the edges
of a complete graph without rainbow triangles. For a graph $H$ and an integer
$k\geq 1$, we define $GR_k(H)$ to be the least positive integer $N$ such that
every Gallai $k$-coloring of the complete graph $K_N$ contains a monochromatic
copy of $H$. We prove that for all $k\geq 1$ and $n\geq 2$,
$GR_k(C_{2n+1})=n\cdot 2^k+1$. Even cycles behave rather differently in this
context. Little is known about the behavior of $R_k(C_{2n})$ in general except
that $R_k(C_{2n})\ge (n-1)k+n+k-1$ for all $k\ge2$ and $n\ge2$. We prove that
  $GR_k( C_{2n})= (n-1)k+n+1$ for all $k\geq 2$ and $n\geq 3$. Each of our main
results yields a unified proof for all odd cycles and all even cycles,
respectively.
</summary>
    <author>
      <name>Fangfang Zhang</name>
    </author>
    <author>
      <name>Zi-Xia Song</name>
    </author>
    <author>
      <name>Yaojun Chen</name>
    </author>
    <arxiv:comment xmlns:arxiv="http://arxiv.org/schemas/atom">The primary focus of this paper is to present the proof of
  Gallai-Ramsey numbers for all cycles. Because another group (see
  arXiv:1808.09245) recently uploaded their proof concerning the Gallai-Ramsey
  numbers for all odd cycles, we were compelled at that time to share our
  independent proof of Theorem 1.7 (see arXiv:1809.00227), which was not
  submitted for publication</arxiv:comment>
    <link href="http://arxiv.org/abs/1906.05263v2" rel="alternate" type="text/html"/>
    <link title="pdf" href="http://arxiv.org/pdf/1906.05263v2" rel="related" type="application/pdf"/>
    <arxiv:primary_category xmlns:arxiv="http://arxiv.org/schemas/atom" term="math.CO" scheme="http://arxiv.org/schemas/atom"/>
    <category term="math.CO" scheme="http://arxiv.org/schemas/atom"/>
    <category term="05C55, 05D10, 05C15" scheme="http://arxiv.org/schemas/atom"/>
  </entry>
  <entry>
    <id>http://arxiv.org/abs/cond-mat/9908252v1</id>
    <updated>1999-08-17T21:27:08Z</updated>
    <published>1999-08-17T21:27:08Z</published>
    <title>All-dielectric one-dimensional periodic structures for total
  omnidirectional reflection and partial spontaneous emission control</title>
    <summary>  A remarkable property of one-dimensional all-dielectric periodic structures
has recently been reported, namely a one-dimensional lattice can totally
reflect electromagnetic wave of any polarization at all angles within a
prescribed frequency region. Unlike their metallic counterpart, such
all-dielectric omnidirectional mirrors are nearly free of loss at optical
frequencies. Here we discuss the physics, design criteria and applications of
the thin-film all-dielectric omnidirectional mirror. The experimental
demonstration of the mirror is presented at optical frequencies.
</summary>
    <author>
      <name>Dmitry N. Chigrin</name>
    </author>
    <author>
      <name>Andrei V. Lavrinenko</name>
    </author>
    <author>
      <name>Dmitry A. Yarotsky</name>
    </author>
    <author>
      <name>Sergey V. Gaponenko</name>
    </author>
    <arxiv:doi xmlns:arxiv="http://arxiv.org/schemas/atom">10.1109/50.802989</arxiv:doi>
    <link title="doi" href="http://dx.doi.org/10.1109/50.802989" rel="related"/>
    <arxiv:comment xmlns:arxiv="http://arxiv.org/schemas/atom">6 pages, 9 figures; submitted to IEEE Journal of Lightwave Technology</arxiv:comment>
    <link href="http://arxiv.org/abs/cond-mat/9908252v1" rel="alternate" type="text/html"/>
    <link title="pdf" href="http://arxiv.org/pdf/cond-mat/9908252v1" rel="related" type="application/pdf"/>
    <arxiv:primary_category xmlns:arxiv="http://arxiv.org/schemas/atom" term="cond-mat.soft" scheme="http://arxiv.org/schemas/atom"/>
    <category term="cond-mat.soft" scheme="http://arxiv.org/schemas/atom"/>
    <category term="cond-mat.mtrl-sci" scheme="http://arxiv.org/schemas/atom"/>
  </entry>
  <entry>
    <id>http://arxiv.org/abs/hep-th/9711157v1</id>
    <updated>1997-11-20T13:15:44Z</updated>
    <published>1997-11-20T13:15:44Z</published>
    <title>Dualities in all order finite N=1 gauge theories</title>
    <summary>  We search for dual gauge theories of all-loop finite, N = 1 supersymmetric
gauge theories. It is shown how to find explicitly the dual gauge theories of
almost all chiral, N = 1, all-loop finite gauge theories, while several models
have been discussed in detail, including a realistic finite SU(5) unified
theory. Out of our search only one all-loop, N = 1 finite SO(10) theory
emerges, so far, as a candidate for exhibiting also S-duality.
</summary>
    <author>
      <name>Andreas Karch</name>
    </author>
    <author>
      <name>Dieter Lust</name>
    </author>
    <author>
      <name>George Zoupanos</name>
    </author>
    <arxiv:doi xmlns:arxiv="http://arxiv.org/schemas/atom">10.1016/S0550-3213(98)00354-X</arxiv:doi>
    <link title="doi" href="http://dx.doi.org/10.1016/S0550-3213(98)00354-X" rel="related"/>
    <arxiv:comment xmlns:arxiv="http://arxiv.org/schemas/atom">54 pages, latex, 2 figures</arxiv:comment>
    <arxiv:journal_ref xmlns:arxiv="http://arxiv.org/schemas/atom">Nucl.Phys.B529:96-136,1998</arxiv:journal_ref>
    <link href="http://arxiv.org/abs/hep-th/9711157v1" rel="alternate" type="text/html"/>
    <link title="pdf" href="http://arxiv.org/pdf/hep-th/9711157v1" rel="related" type="application/pdf"/>
    <arxiv:primary_category xmlns:arxiv="http://arxiv.org/schemas/atom" term="hep-th" scheme="http://arxiv.org/schemas/atom"/>
    <category term="hep-th" scheme="http://arxiv.org/schemas/atom"/>
    <category term="hep-ph" scheme="http://arxiv.org/schemas/atom"/>
  </entry>
  <entry>
    <id>http://arxiv.org/abs/hep-th/9909153v1</id>
    <updated>1999-09-22T07:36:52Z</updated>
    <published>1999-09-22T07:36:52Z</published>
    <title>The Exact Quantum Sine-Gordon Field Equation and Other Non-Perturbative
  Results</title>
    <summary>  Using the methods of the "form factor program" exact expressions of all
matrix elements are obtained for several operators of the quantum sine Gordon
model: all powers of the fundamental bose field, general exponentials of it,
the energy momentum tensor and all higher currents. It is found that the
quantum sine-Gordon field equation holds with an exact relation between the
"bare" mass and the renormalized mass. Also a relation for the trace of the
energy momentum is obtained. The eigenvalue problem for all higher conserved
charges is solved. All results are compared with Feynman graph expansions and
full agreement is found.
</summary>
    <author>
      <name>H. Babujian</name>
    </author>
    <author>
      <name>M. Karowski</name>
    </author>
    <arxiv:doi xmlns:arxiv="http://arxiv.org/schemas/atom">10.1016/S0370-2693(99)01320-9</arxiv:doi>
    <link title="doi" href="http://dx.doi.org/10.1016/S0370-2693(99)01320-9" rel="related"/>
    <arxiv:comment xmlns:arxiv="http://arxiv.org/schemas/atom">TCI-LaTeX, 7 pages with 1 figure</arxiv:comment>
    <arxiv:journal_ref xmlns:arxiv="http://arxiv.org/schemas/atom">Phys.Lett. B471 (1999) 53-57</arxiv:journal_ref>
    <link href="http://arxiv.org/abs/hep-th/9909153v1" rel="alternate" type="text/html"/>
    <link title="pdf" href="http://arxiv.org/pdf/hep-th/9909153v1" rel="related" type="application/pdf"/>
    <arxiv:primary_category xmlns:arxiv="http://arxiv.org/schemas/atom" term="hep-th" scheme="http://arxiv.org/schemas/atom"/>
    <category term="hep-th" scheme="http://arxiv.org/schemas/atom"/>
  </entry>
  <entry>
    <id>http://arxiv.org/abs/math/0501364v1</id>
    <updated>2005-01-22T07:34:26Z</updated>
    <published>2005-01-22T07:34:26Z</published>
    <title>Embedding finite lattices into finite biatomic lattices</title>
    <summary>  For a class C of finite lattices, the question arises whether any lattice in
C can be embedded into some atomistic, biatomic lattice in C. We provide
answers to the question above for C being, respectively, --The class of all
finite lattices; --The class of all finite lower bounded lattices (solved by
the first author's earlier work). --The class of all finite
join-semidistributive lattices (this problem was, until now, open). We solve
the latter problem by finding a quasi-identity valid in all finite, atomistic,
biatomic, join-semidistributive lattices but not in all finite
join-semidistributive lattices.
</summary>
    <author>
      <name>Friedrich Wehrung</name>
      <arxiv:affiliation xmlns:arxiv="http://arxiv.org/schemas/atom">LMNO</arxiv:affiliation>
    </author>
    <author>
      <name>Kira Adaricheva</name>
    </author>
    <arxiv:journal_ref xmlns:arxiv="http://arxiv.org/schemas/atom">Order 20, no. 1 (2003) 31--48</arxiv:journal_ref>
    <link href="http://arxiv.org/abs/math/0501364v1" rel="alternate" type="text/html"/>
    <link title="pdf" href="http://arxiv.org/pdf/math/0501364v1" rel="related" type="application/pdf"/>
    <arxiv:primary_category xmlns:arxiv="http://arxiv.org/schemas/atom" term="math.GM" scheme="http://arxiv.org/schemas/atom"/>
    <category term="math.GM" scheme="http://arxiv.org/schemas/atom"/>
    <category term="Primary 06B99, 05B25, 51E99. Secondary: 51E30, 51D20, 05C20" scheme="http://arxiv.org/schemas/atom"/>
  </entry>
  <entry>
    <id>http://arxiv.org/abs/math/0503480v1</id>
    <updated>2005-03-23T09:53:23Z</updated>
    <published>2005-03-23T09:53:23Z</published>
    <title>Salem numbers, Pisot numbers, Mahler measure and graphs</title>
    <summary>  We use graphs to define sets of Salem and Pisot numbers, and prove that the
union of these sets is closed, supporting a conjecture of Boyd that the set of
all Salem and Pisot numbers is closed. We find all trees that define Salem
numbers. We show that for all integers n the smallest known element of the n-th
derived set of the set of Pisot numbers comes from a graph. We define the
Mahler measure of a graph, and find all graphs of Mahler measure less than
(1+sqrt5)/2. Finally, we list all small Salem numbers known to be definable
using a graph.
</summary>
    <author>
      <name>James McKee</name>
    </author>
    <author>
      <name>Chris Smyth</name>
    </author>
    <arxiv:comment xmlns:arxiv="http://arxiv.org/schemas/atom">28 pages, 7 figures</arxiv:comment>
    <link href="http://arxiv.org/abs/math/0503480v1" rel="alternate" type="text/html"/>
    <link title="pdf" href="http://arxiv.org/pdf/math/0503480v1" rel="related" type="application/pdf"/>
    <arxiv:primary_category xmlns:arxiv="http://arxiv.org/schemas/atom" term="math.NT" scheme="http://arxiv.org/schemas/atom"/>
    <category term="math.NT" scheme="http://arxiv.org/schemas/atom"/>
    <category term="11R06;05C50" scheme="http://arxiv.org/schemas/atom"/>
  </entry>
  <entry>
    <id>http://arxiv.org/abs/0708.4409v1</id>
    <updated>2007-08-31T18:51:41Z</updated>
    <published>2007-08-31T18:51:41Z</published>
    <title>Characterizations of finite and infinite episturmian words via
  lexicographic orderings</title>
    <summary>  In this paper, we characterize by lexicographic order all finite Sturmian and
episturmian words, i.e., all (finite) factors of such infinite words.
Consequently, we obtain a characterization of infinite episturmian words in a
"wide sense" (episturmian and episkew infinite words). That is, we characterize
the set of all infinite words whose factors are (finite) episturmian.
Similarly, we characterize by lexicographic order all balanced infinite words
over a 2-letter alphabet; in other words, all Sturmian and skew infinite words,
the factors of which are (finite) Sturmian.
</summary>
    <author>
      <name>Amy Glen</name>
    </author>
    <author>
      <name>Jacques Justin</name>
    </author>
    <author>
      <name>Giuseppe Pirillo</name>
    </author>
    <arxiv:doi xmlns:arxiv="http://arxiv.org/schemas/atom">10.1016/j.ejc.2007.01.002</arxiv:doi>
    <link title="doi" href="http://dx.doi.org/10.1016/j.ejc.2007.01.002" rel="related"/>
    <arxiv:comment xmlns:arxiv="http://arxiv.org/schemas/atom">18 pages; to appear in the European Journal of Combinatorics</arxiv:comment>
    <arxiv:journal_ref xmlns:arxiv="http://arxiv.org/schemas/atom">European Journal of Combinatorics 29 (2008) 45-58</arxiv:journal_ref>
    <link href="http://arxiv.org/abs/0708.4409v1" rel="alternate" type="text/html"/>
    <link title="pdf" href="http://arxiv.org/pdf/0708.4409v1" rel="related" type="application/pdf"/>
    <arxiv:primary_category xmlns:arxiv="http://arxiv.org/schemas/atom" term="math.CO" scheme="http://arxiv.org/schemas/atom"/>
    <category term="math.CO" scheme="http://arxiv.org/schemas/atom"/>
    <category term="cs.DM" scheme="http://arxiv.org/schemas/atom"/>
    <category term="68R15" scheme="http://arxiv.org/schemas/atom"/>
  </entry>
  <entry>
    <id>http://arxiv.org/abs/0811.1525v1</id>
    <updated>2008-11-10T17:27:09Z</updated>
    <published>2008-11-10T17:27:09Z</published>
    <title>Voronoi cells of discrete point sets</title>
    <summary>  It is well known that all cells of the Voronoi diagram of a Delaunay set are
polytopes. For a finite point set, all these cells are still polyhedra. So the
question arises, if this observation holds for all discrete point sets: Are
always all Voronoi cells of an arbitrary, infinite discrete point set
polyhedral? In this paper, an answer to this question will be given. It will be
shown that all Voronoi cells of a discrete point set are polytopes if and only
if every point of the point set is an inner point. Furthermore, the term of a
locally finitely generated discrete point set will be introduced and it will be
shown that exactly these sets have the property of possessing only polyhedral
Voronoi cells.
</summary>
    <author>
      <name>Ina Voigt</name>
    </author>
    <link href="http://arxiv.org/abs/0811.1525v1" rel="alternate" type="text/html"/>
    <link title="pdf" href="http://arxiv.org/pdf/0811.1525v1" rel="related" type="application/pdf"/>
    <arxiv:primary_category xmlns:arxiv="http://arxiv.org/schemas/atom" term="math.CO" scheme="http://arxiv.org/schemas/atom"/>
    <category term="math.CO" scheme="http://arxiv.org/schemas/atom"/>
    <category term="math.MG" scheme="http://arxiv.org/schemas/atom"/>
    <category term="51M20, 52A20, 52C22" scheme="http://arxiv.org/schemas/atom"/>
  </entry>
  <entry>
    <id>http://arxiv.org/abs/0909.1131v1</id>
    <updated>2009-09-07T02:11:54Z</updated>
    <published>2009-09-07T02:11:54Z</published>
    <title>On the vanishing and finiteness properties of generalized local
  cohomology modules</title>
    <summary>  Let $R$ be a commutative noetherian ring, $\fa$ an ideal of $R$ and $M,N$
finite $R$--modules. We prove that the following statements are equivalent.
\begin{enumerate} \item[(i)] $\lc^{i}_{\fa}(M,N)$ is finite for all $i&lt; n$.
\item[(ii)] $\Coass_R(\lc^{i}_{\fa}(M,N)) \subset \V{(\fa)}$ for all $i&lt; n$.
\item[(iii)] $\lc^{i}_{\fa}(M,N)$ is coatomic for all $i&lt; n$. \end{enumerate}
If $\pd M$ is finite and $r$ be a non-negative integer such that $r&gt;\pd M$ and
$\lc^{i}_{\fa}(M,N)$ is finite (resp. minimax) for all $i\geq r$, then
$\lc^{i}_{\fa}(M,N)$ is zero (resp. artinian) for all $i\geq r$.
</summary>
    <author>
      <name>Moharram Aghapournahr</name>
    </author>
    <arxiv:comment xmlns:arxiv="http://arxiv.org/schemas/atom">5 pages</arxiv:comment>
    <link href="http://arxiv.org/abs/0909.1131v1" rel="alternate" type="text/html"/>
    <link title="pdf" href="http://arxiv.org/pdf/0909.1131v1" rel="related" type="application/pdf"/>
    <arxiv:primary_category xmlns:arxiv="http://arxiv.org/schemas/atom" term="math.AC" scheme="http://arxiv.org/schemas/atom"/>
    <category term="math.AC" scheme="http://arxiv.org/schemas/atom"/>
    <category term="math.AG" scheme="http://arxiv.org/schemas/atom"/>
    <category term="13D45; 13D07" scheme="http://arxiv.org/schemas/atom"/>
  </entry>
  <entry>
    <id>http://arxiv.org/abs/0912.5371v1</id>
    <updated>2009-12-29T21:23:38Z</updated>
    <published>2009-12-29T21:23:38Z</published>
    <title>Including All the Lines</title>
    <summary>  I present a progress report on including all the lines in the linelists,
including all the lines in the opacities, including all the lines in the model
atmosphere and spectrum synthesis calculations, producing high-resolution,
high-signal-to-noise atlases that show (not quite) all the lines, so that
finally we can determine the properties of stars from a few of the lines.
</summary>
    <author>
      <name>Robert L. Kurucz</name>
    </author>
    <arxiv:doi xmlns:arxiv="http://arxiv.org/schemas/atom">10.1063/1.3250087</arxiv:doi>
    <link title="doi" href="http://dx.doi.org/10.1063/1.3250087" rel="related"/>
    <arxiv:comment xmlns:arxiv="http://arxiv.org/schemas/atom">9 pages, no figures. Presented at "Dimitrifest" conference in
  Boulder, Colorado, March 30 - April 3, 2009</arxiv:comment>
    <arxiv:journal_ref xmlns:arxiv="http://arxiv.org/schemas/atom">Recent Directions in Astrophysical Quantitative Spectroscopy and
  Radiation Hydrodynamics. Edited by I. Hubeny, J.M. Stone, K. MacGregor, and
  K. Werner. AIP Conference Proceedings 1171, pp. 43-51, 2009</arxiv:journal_ref>
    <link href="http://arxiv.org/abs/0912.5371v1" rel="alternate" type="text/html"/>
    <link title="pdf" href="http://arxiv.org/pdf/0912.5371v1" rel="related" type="application/pdf"/>
    <arxiv:primary_category xmlns:arxiv="http://arxiv.org/schemas/atom" term="astro-ph.SR" scheme="http://arxiv.org/schemas/atom"/>
    <category term="astro-ph.SR" scheme="http://arxiv.org/schemas/atom"/>
  </entry>
  <entry>
    <id>http://arxiv.org/abs/1001.5304v1</id>
    <updated>2010-01-29T21:16:24Z</updated>
    <published>2010-01-29T21:16:24Z</published>
    <title>On Representations of General Linear Groups over Principal Ideal Local
  Rings of Length Two</title>
    <summary>  We study the irreducible complex representations of general linear groups
over principal ideal local rings of length two with a fixed finite residue
field. We construct a canonical correspondence between the irreducible
representations of all such groups which preserves dimensions. For general
linear groups of order three and four over these rings, we construct all the
irreducible representations. We show that the the problem of constructing all
the irreducible representations of all general linear groups over these rings
is not easier than the problem of constructing all the irreducible
representations of the general linear groups over principal ideal local rings
of arbitrary length in the function field case.
</summary>
    <author>
      <name>Pooja Singla</name>
    </author>
    <arxiv:doi xmlns:arxiv="http://arxiv.org/schemas/atom">10.1016/j.jalgebra.2010.05.024</arxiv:doi>
    <link title="doi" href="http://dx.doi.org/10.1016/j.jalgebra.2010.05.024" rel="related"/>
    <arxiv:comment xmlns:arxiv="http://arxiv.org/schemas/atom">21 pages</arxiv:comment>
    <link href="http://arxiv.org/abs/1001.5304v1" rel="alternate" type="text/html"/>
    <link title="pdf" href="http://arxiv.org/pdf/1001.5304v1" rel="related" type="application/pdf"/>
    <arxiv:primary_category xmlns:arxiv="http://arxiv.org/schemas/atom" term="math.RT" scheme="http://arxiv.org/schemas/atom"/>
    <category term="math.RT" scheme="http://arxiv.org/schemas/atom"/>
    <category term="20G25" scheme="http://arxiv.org/schemas/atom"/>
  </entry>
  <entry>
    <id>http://arxiv.org/abs/1004.2426v1</id>
    <updated>2010-04-14T15:50:47Z</updated>
    <published>2010-04-14T15:50:47Z</published>
    <title>Simulation vs. Equivalence</title>
    <summary>  For several semirings S, two weighted finite automata with multiplicities in
S are equivalent if and only if they can be connected by a chain of
simulations. Such a semiring S is called "proper". It is known that the Boolean
semiring, the semiring of natural numbers, the ring of integers, all finite
commutative positively ordered semirings and all fields are proper. The
semiring S is Noetherian if every subsemimodule of a finitely generated
S-semimodule is finitely generated. First, it is shown that all Noetherian
semirings and thus all commutative rings and all finite semirings are proper.
Second, the tropical semiring is shown not to be proper. So far there has not
been any example of a semiring that is not proper.
</summary>
    <author>
      <name>Zoltan Esik</name>
    </author>
    <author>
      <name>Andreas Maletti</name>
    </author>
    <link href="http://arxiv.org/abs/1004.2426v1" rel="alternate" type="text/html"/>
    <link title="pdf" href="http://arxiv.org/pdf/1004.2426v1" rel="related" type="application/pdf"/>
    <arxiv:primary_category xmlns:arxiv="http://arxiv.org/schemas/atom" term="cs.FL" scheme="http://arxiv.org/schemas/atom"/>
    <category term="cs.FL" scheme="http://arxiv.org/schemas/atom"/>
    <category term="68Q45, 68Q70" scheme="http://arxiv.org/schemas/atom"/>
  </entry>
  <entry>
    <id>http://arxiv.org/abs/1010.5921v1</id>
    <updated>2010-10-28T11:11:32Z</updated>
    <published>2010-10-28T11:11:32Z</published>
    <title>MHV Diagrams from an All-Line Recursion Relation</title>
    <summary>  We consider the recursion relation for loop integrands in planar N = 4 SYM
generated by an all-line shift of momentum twistors. We examine the behaviour
of the rational loop integrands when the shift parameter becomes large, and
find that a valid recursion relation may be obtained in all cases. The
recursion relation is then formulated both in region momentum space and in
momentum twistor space, and solved in detail for some one and two-loop
examples. Finally, we show that the general iterative solution of the recursion
relation generates the MHV vertex expansion for all loop integrands, providing
a proof of the MHV diagram formalism for all loop amplitudes in planar N = 4
SYM.
</summary>
    <author>
      <name>Mathew Bullimore</name>
    </author>
    <arxiv:doi xmlns:arxiv="http://arxiv.org/schemas/atom">10.1007/JHEP08(2011)107</arxiv:doi>
    <link title="doi" href="http://dx.doi.org/10.1007/JHEP08(2011)107" rel="related"/>
    <arxiv:comment xmlns:arxiv="http://arxiv.org/schemas/atom">37 pages</arxiv:comment>
    <link href="http://arxiv.org/abs/1010.5921v1" rel="alternate" type="text/html"/>
    <link title="pdf" href="http://arxiv.org/pdf/1010.5921v1" rel="related" type="application/pdf"/>
    <arxiv:primary_category xmlns:arxiv="http://arxiv.org/schemas/atom" term="hep-th" scheme="http://arxiv.org/schemas/atom"/>
    <category term="hep-th" scheme="http://arxiv.org/schemas/atom"/>
  </entry>
  <entry>
    <id>http://arxiv.org/abs/1106.5844v1</id>
    <updated>2011-06-29T05:40:59Z</updated>
    <published>2011-06-29T05:40:59Z</published>
    <title>Extremum problems for eigenvalues of discrete Laplace operators</title>
    <summary>  The discrete Laplace operator on a triangulated polyhedral surface is related
to geometric properties of the surface. This paper studies extremum problems
for eigenvalues of the discrete Laplace operators. Among all triangles, an
equilateral triangle has the maximal first positive eigenvalue. Among all
cyclic quadrilateral, a square has the maximal first positive eigenvalue. Among
all cyclic $n$-gons, a regular one has the minimal value of the sum of all
nontrivial eigenvalues and the minimal value of the product of all nontrivial
eigenvalues.
</summary>
    <author>
      <name>Ren Guo</name>
    </author>
    <arxiv:comment xmlns:arxiv="http://arxiv.org/schemas/atom">12 pages</arxiv:comment>
    <link href="http://arxiv.org/abs/1106.5844v1" rel="alternate" type="text/html"/>
    <link title="pdf" href="http://arxiv.org/pdf/1106.5844v1" rel="related" type="application/pdf"/>
    <arxiv:primary_category xmlns:arxiv="http://arxiv.org/schemas/atom" term="math.MG" scheme="http://arxiv.org/schemas/atom"/>
    <category term="math.MG" scheme="http://arxiv.org/schemas/atom"/>
    <category term="math.SP" scheme="http://arxiv.org/schemas/atom"/>
  </entry>
  <entry>
    <id>http://arxiv.org/abs/1108.2061v2</id>
    <updated>2011-08-14T17:05:48Z</updated>
    <published>2011-08-09T22:20:17Z</published>
    <title>Clones above the unary clone</title>
    <summary>  Let c be the cardinality of the continuum.
  We give a family of pairwise incomparable clones (on a countable base set)
2^c members, all with the same unary fragment, namely the set of all unary
operations.
  We also give, for each n, a family of 2^c clones all with the same n-ary
fragment, and all containing the set of all unary operations.
</summary>
    <author>
      <name>Martin Goldstern</name>
    </author>
    <author>
      <name>Gábor Sági</name>
    </author>
    <author>
      <name>Saharon Shelah</name>
    </author>
    <arxiv:comment xmlns:arxiv="http://arxiv.org/schemas/atom">(infinitesimal changes to version 1)</arxiv:comment>
    <link href="http://arxiv.org/abs/1108.2061v2" rel="alternate" type="text/html"/>
    <link title="pdf" href="http://arxiv.org/pdf/1108.2061v2" rel="related" type="application/pdf"/>
    <arxiv:primary_category xmlns:arxiv="http://arxiv.org/schemas/atom" term="math.RA" scheme="http://arxiv.org/schemas/atom"/>
    <category term="math.RA" scheme="http://arxiv.org/schemas/atom"/>
    <category term="math.LO" scheme="http://arxiv.org/schemas/atom"/>
    <category term="08A40, 05C25, 05C65," scheme="http://arxiv.org/schemas/atom"/>
  </entry>
  <entry>
    <id>http://arxiv.org/abs/1202.2437v2</id>
    <updated>2012-02-29T09:12:44Z</updated>
    <published>2012-02-11T12:36:29Z</published>
    <title>Pinched Hysteresis Loops is the Fingerprint of Memristive Devices</title>
    <summary>  This short note clarifies that the "pinched hysteresis loop" fingerprint of a
memristor, or a memristive device, must hold for all amplitudes, for all
frequencies, and for all initial conditions, of any periodic testing waveform,
such as sinusoidal or triangular signals, which assumes both positive and
negative values over each period of the waveform. We proved that the systems
presented in [1] are not memristive devices because their hysteresis loops are
not pinched at the origin for all amplitudes, and for all initial conditions.
</summary>
    <author>
      <name>Hyongsuk Kim</name>
    </author>
    <author>
      <name>Maheshwar Pd. Sah</name>
    </author>
    <author>
      <name>Shyam Prasad Adhikari</name>
    </author>
    <arxiv:comment xmlns:arxiv="http://arxiv.org/schemas/atom">5 pages, 6 figures</arxiv:comment>
    <link href="http://arxiv.org/abs/1202.2437v2" rel="alternate" type="text/html"/>
    <link title="pdf" href="http://arxiv.org/pdf/1202.2437v2" rel="related" type="application/pdf"/>
    <arxiv:primary_category xmlns:arxiv="http://arxiv.org/schemas/atom" term="cond-mat.mes-hall" scheme="http://arxiv.org/schemas/atom"/>
    <category term="cond-mat.mes-hall" scheme="http://arxiv.org/schemas/atom"/>
  </entry>
  <entry>
    <id>http://arxiv.org/abs/1205.0268v1</id>
    <updated>2012-05-01T22:25:53Z</updated>
    <published>2012-05-01T22:25:53Z</published>
    <title>On the SOA-based MZI all-optical logic gates for all-optical networks</title>
    <summary>  In this paper, an all-optical logic scheme which exploits the cross-phase
modulation (XPM) effect in semiconductor-optical-amplifier-assisted
Mach-Zehnder Interferometer (SOA-MZI), is proposed, performance analyzed and
parameters optimized. The proposal is validated and the system performance
under various parameters is examined through numerical simulations. With only
moderate parameters, high-speed all-optical AND gate based on SOA-MZI is
realized with fairly high performance. The results are helpful for designing of
SOA-based all-optical logic devices.
</summary>
    <author>
      <name>Qing Zheng</name>
    </author>
    <arxiv:comment xmlns:arxiv="http://arxiv.org/schemas/atom">11 pages</arxiv:comment>
    <link href="http://arxiv.org/abs/1205.0268v1" rel="alternate" type="text/html"/>
    <link title="pdf" href="http://arxiv.org/pdf/1205.0268v1" rel="related" type="application/pdf"/>
    <arxiv:primary_category xmlns:arxiv="http://arxiv.org/schemas/atom" term="physics.optics" scheme="http://arxiv.org/schemas/atom"/>
    <category term="physics.optics" scheme="http://arxiv.org/schemas/atom"/>
  </entry>
  <entry>
    <id>http://arxiv.org/abs/1208.3313v1</id>
    <updated>2012-08-16T08:33:36Z</updated>
    <published>2012-08-16T08:33:36Z</published>
    <title>A Note on Efficient Computation of All Abelian Periods in a String</title>
    <summary>  We derive a simple efficient algorithm for Abelian periods knowing all
Abelian squares in a string. An efficient algorithm for the latter problem was
given by Cummings and Smyth in 1997. By the way we show an alternative
algorithm for Abelian squares. We also obtain a linear time algorithm finding
all `long' Abelian periods. The aim of the paper is a (new) reduction of the
problem of all Abelian periods to that of (already solved) all Abelian squares
which provides new insight into both connected problems.
</summary>
    <author>
      <name>Maxime Crochemore</name>
    </author>
    <author>
      <name>Costas Iliopoulos</name>
    </author>
    <author>
      <name>Tomasz Kociumaka</name>
    </author>
    <author>
      <name>Marcin Kubica</name>
    </author>
    <author>
      <name>Jakub Pachocki</name>
    </author>
    <author>
      <name>Jakub Radoszewski</name>
    </author>
    <author>
      <name>Wojciech Rytter</name>
    </author>
    <author>
      <name>Wojciech Tyczyński</name>
    </author>
    <author>
      <name>Tomasz Waleń</name>
    </author>
    <link href="http://arxiv.org/abs/1208.3313v1" rel="alternate" type="text/html"/>
    <link title="pdf" href="http://arxiv.org/pdf/1208.3313v1" rel="related" type="application/pdf"/>
    <arxiv:primary_category xmlns:arxiv="http://arxiv.org/schemas/atom" term="cs.DS" scheme="http://arxiv.org/schemas/atom"/>
    <category term="cs.DS" scheme="http://arxiv.org/schemas/atom"/>
    <category term="cs.DM" scheme="http://arxiv.org/schemas/atom"/>
    <category term="F.2.2" scheme="http://arxiv.org/schemas/atom"/>
  </entry>
  <entry>
    <id>http://arxiv.org/abs/1308.1976v1</id>
    <updated>2013-08-08T20:44:46Z</updated>
    <published>2013-08-08T20:44:46Z</published>
    <title>On the cyclic subgroup separability of the free product of two groups
  with commuting subgroups</title>
    <summary>  Let G be the free product of groups A and B with commuting subgroups H
\leqslant A and K \leqslant B, and let C be the class of all finite groups or
the class of all finite p-groups. We derive the description of all C-separable
cyclic subgroups of G provided this group is residually a C-group. We prove, in
particular, that if A, B are finitely generated nilpotent groups and H, K are
p'-isolated in the free factors, then all p'-isolated cyclic subgroups of G are
separable in the class of all finite p-groups. The same statement is true
provided A, B are free and H, K are p'-isolated and cyclic.
</summary>
    <author>
      <name>E. V. Sokolov</name>
    </author>
    <link href="http://arxiv.org/abs/1308.1976v1" rel="alternate" type="text/html"/>
    <link title="pdf" href="http://arxiv.org/pdf/1308.1976v1" rel="related" type="application/pdf"/>
    <arxiv:primary_category xmlns:arxiv="http://arxiv.org/schemas/atom" term="math.GR" scheme="http://arxiv.org/schemas/atom"/>
    <category term="math.GR" scheme="http://arxiv.org/schemas/atom"/>
    <category term="20E26, 20E06" scheme="http://arxiv.org/schemas/atom"/>
  </entry>
  <entry>
    <id>http://arxiv.org/abs/1311.0658v1</id>
    <updated>2013-11-04T12:00:07Z</updated>
    <published>2013-11-04T12:00:07Z</published>
    <title>Spectral Gaps of Almost Mathieu Operator in Exponential Regime</title>
    <summary>  For almost Mathieu operator
$(H_{\lambda,\alpha,\theta}u)_n=u_{n+1}+u_{n-1}+2\lambda
\cos2\pi(\theta+n\alpha)u_n$, the dry version of Ten Martini problem predicts
that the spectrum $\Sigma_{\lambda,\alpha}$ of $ H_{\lambda,\alpha,\theta}$ has
all gaps open for all $\lambda\neq 0$ and $ \alpha \in \mathbb{R}\backslash
\mathbb{Q}$.
  Avila and Jitomirskaya prove that $\Sigma_{\lambda,\alpha}$ has all gaps open
for Diophantine $\alpha$ and $0&lt;|\lambda|&lt;1$.
  In the present paper, we show that $\Sigma_{\lambda,\alpha}$ has all gaps
open for all $ \alpha \in \mathbb{R}\backslash \mathbb{Q}$ with small
$\lambda$.
</summary>
    <author>
      <name>Wencai Liu</name>
    </author>
    <author>
      <name>Xiaoping Yuan</name>
    </author>
    <arxiv:doi xmlns:arxiv="http://arxiv.org/schemas/atom">10.4171/JFG/15</arxiv:doi>
    <link title="doi" href="http://dx.doi.org/10.4171/JFG/15" rel="related"/>
    <arxiv:journal_ref xmlns:arxiv="http://arxiv.org/schemas/atom">J. Fractal Geom. 2 (2015), no. 1, 1--51</arxiv:journal_ref>
    <link href="http://arxiv.org/abs/1311.0658v1" rel="alternate" type="text/html"/>
    <link title="pdf" href="http://arxiv.org/pdf/1311.0658v1" rel="related" type="application/pdf"/>
    <arxiv:primary_category xmlns:arxiv="http://arxiv.org/schemas/atom" term="math.SP" scheme="http://arxiv.org/schemas/atom"/>
    <category term="math.SP" scheme="http://arxiv.org/schemas/atom"/>
  </entry>
  <entry>
    <id>http://arxiv.org/abs/1406.2866v1</id>
    <updated>2014-06-11T11:56:33Z</updated>
    <published>2014-06-11T11:56:33Z</published>
    <title>Uniform Artin-Rees Bounds for Syzygies</title>
    <summary>  Let $(R,m)$ be a local Noetherian ring, let $M$ be a finitely generated
$R$-module and let $(F_{\bullet},\partial_{\bullet})$ be a free resolution of
$M$. We find a uniform bound $h$ such that the Artin-Rees containment $I^n
F_i\cap Im \, \partial_{i+1} \subseteq I^{n-h} Im \, \partial_{i+1}$ holds for
all integers $i\ge d$, for all integers $n\ge h$, and for all ideals $I$ of
$R$. In fact, we show that a considerably stronger statement holds. The uniform
bound $h$ holds for all ideals and all resolutions of $d$th syzygy modules. In
order to prove our statements, we introduce the concept of Koszul annihilating
sequences.
</summary>
    <author>
      <name>Ian M. Aberbach</name>
    </author>
    <author>
      <name>Aline Hosry</name>
    </author>
    <author>
      <name>Janet Striuli</name>
    </author>
    <arxiv:comment xmlns:arxiv="http://arxiv.org/schemas/atom">14 pages</arxiv:comment>
    <link href="http://arxiv.org/abs/1406.2866v1" rel="alternate" type="text/html"/>
    <link title="pdf" href="http://arxiv.org/pdf/1406.2866v1" rel="related" type="application/pdf"/>
    <arxiv:primary_category xmlns:arxiv="http://arxiv.org/schemas/atom" term="math.AC" scheme="http://arxiv.org/schemas/atom"/>
    <category term="math.AC" scheme="http://arxiv.org/schemas/atom"/>
  </entry>
  <entry>
    <id>http://arxiv.org/abs/1602.07039v1</id>
    <updated>2016-02-21T03:43:52Z</updated>
    <published>2016-02-21T03:43:52Z</published>
    <title>Ordering connected graphs by their Kirchhoff indices</title>
    <summary>  The Kirchhoff index $Kf(G)$ of a graph $G$ is the sum of resistance distances
between all unordered pairs of vertices, which was introduced by Klein and
Randi\'c. In this paper we characterized all extremal graphs with Kirchhoff
index among all graphs obtained by deleting $p$ edges from a complete graph
$K_n$ with $p\leq\lfloor\frac{n}{2}\rfloor$ and obtained a sharp upper bound on
the Kirchhoff index of these graphs. In addition, all the graphs with the first
to ninth maximal Kirchhoff indices are completely determined among all
connected graphs of order $n&gt;27$.
</summary>
    <author>
      <name>Kexiang Xu</name>
    </author>
    <author>
      <name>Kinkar Ch. Das</name>
    </author>
    <author>
      <name>Xiao-Dong Zhang</name>
    </author>
    <arxiv:doi xmlns:arxiv="http://arxiv.org/schemas/atom">10.1080/00207160.2015.1073722</arxiv:doi>
    <link title="doi" href="http://dx.doi.org/10.1080/00207160.2015.1073722" rel="related"/>
    <arxiv:comment xmlns:arxiv="http://arxiv.org/schemas/atom">21 pages, 3 figures, International Journal of Computer Mathematics,
  2016</arxiv:comment>
    <link href="http://arxiv.org/abs/1602.07039v1" rel="alternate" type="text/html"/>
    <link title="pdf" href="http://arxiv.org/pdf/1602.07039v1" rel="related" type="application/pdf"/>
    <arxiv:primary_category xmlns:arxiv="http://arxiv.org/schemas/atom" term="math.CO" scheme="http://arxiv.org/schemas/atom"/>
    <category term="math.CO" scheme="http://arxiv.org/schemas/atom"/>
    <category term="05C50, 05C12," scheme="http://arxiv.org/schemas/atom"/>
  </entry>
</feed>

